Sep 11 11:51:24 cu-cs-vm anacron[847]: Job `cron.daily' terminated
Sep 11 11:51:24 cu-cs-vm anacron[847]: Normal exit (1 job run)
Sep 11 11:52:11 cu-cs-vm os-prober: debug: /dev/sda2: DOS extended partition; skipping
Sep 11 11:52:11 cu-cs-vm os-prober: debug: /dev/sda5: is active swap
Sep 11 11:52:13 cu-cs-vm systemd[1]: Stopping Authentication service for virtual machines hosted on VMware...
Sep 11 11:52:13 cu-cs-vm systemd[1]: Stopping Disk Manager...
Sep 11 11:52:13 cu-cs-vm systemd[1]: Stopped target Sound Card.
Sep 11 11:52:13 cu-cs-vm VGAuthService[828]: ** Message: Processing SIGTERM; service exiting
Sep 11 11:52:13 cu-cs-vm VGAuthService[828]: ** Message: ServiceEndMainLoop: about to stop main loop
Sep 11 11:52:13 cu-cs-vm obexd[2549]: Terminating
Sep 11 11:52:13 cu-cs-vm VGAuthService[828]: ** Message: END SERVICE
Sep 11 11:52:13 cu-cs-vm systemd[1]: Stopping Session c1 of user user.
Sep 11 11:52:13 cu-cs-vm systemd[1]: Closed Load/Save RF Kill Switch Status /dev/rfkill Watch.
Sep 11 11:52:13 cu-cs-vm systemd[1]: Stopped target Graphical Interface.
Sep 11 11:52:13 cu-cs-vm systemd[1]: Stopping Light Display Manager...
Sep 11 11:52:13 cu-cs-vm systemd[1]: Stopping User Manager for UID 1000...
Sep 11 11:52:13 cu-cs-vm systemd[1]: Stopping Daemon for power management...
Sep 11 11:52:13 cu-cs-vm systemd[1]: Stopping RealtimeKit Scheduling Policy Service...
Sep 11 11:52:13 cu-cs-vm systemd[1]: Stopped target Multi-User System.
Sep 11 11:52:13 cu-cs-vm systemd[1]: Stopping LSB: Load kernel image with kexec...
Sep 11 11:52:13 cu-cs-vm systemd[1]: Stopping LSB: Record successful boot for GRUB...
Sep 11 11:52:13 cu-cs-vm systemd[1]: Stopping Make remote CUPS printers available locally...
Sep 11 11:51:10 cu-cs-vm rsyslogd: [origin software="rsyslogd" swVersion="8.16.0" x-pid="839" x-info="http://www.rsyslog.com"] rsyslogd was HUPed
Sep 11 11:52:13 cu-cs-vm rsyslogd: [origin software="rsyslogd" swVersion="8.16.0" x-pid="839" x-info="http://www.rsyslog.com"] exiting on signal 15.
Sep 11 11:52:24 cu-cs-vm rsyslogd: [origin software="rsyslogd" swVersion="8.16.0" x-pid="825" x-info="http://www.rsyslog.com"] start
Sep 11 11:52:24 cu-cs-vm rsyslogd-2222: command 'KLogPermitNonKernelFacility' is currently not permitted - did you already set it via a RainerScript command (v6+ config)? [v8.16.0 try http://www.rsyslog.com/e/2222 ]
Sep 11 11:52:24 cu-cs-vm rsyslogd: rsyslogd's groupid changed to 108
Sep 11 11:52:24 cu-cs-vm rsyslogd: rsyslogd's userid changed to 104
Sep 11 11:52:24 cu-cs-vm rsyslogd-2039: Could not open output pipe '/dev/xconsole':: No such file or directory [v8.16.0 try http://www.rsyslog.com/e/2039 ]
Sep 11 11:52:24 cu-cs-vm rsyslogd-2007: action 'action 10' suspended, next retry is Tue Sep 11 11:52:54 2018 [v8.16.0 try http://www.rsyslog.com/e/2007 ]
Sep 11 11:52:24 cu-cs-vm kernel: [    0.000000] Linux version 4.15.18CSCI3753 (root@cu-cs-vm) (gcc version 5.4.0 20160609 (Ubuntu 5.4.0-6ubuntu1~16.04.10)) #22 SMP Tue Sep 11 11:50:25 MDT 2018 (Ubuntu 4.15.0-33.36~16.04.1-generic 4.15.18)
Sep 11 11:52:24 cu-cs-vm kernel: [    0.000000] Command line: BOOT_IMAGE=/boot/vmlinuz-4.15.18CSCI3753 root=UUID=a7adc8c1-e02a-478b-93ad-c06e060e0176 ro
Sep 11 11:52:24 cu-cs-vm kernel: [    0.000000] KERNEL supported cpus:
Sep 11 11:52:24 cu-cs-vm kernel: [    0.000000]   Intel GenuineIntel
Sep 11 11:52:24 cu-cs-vm kernel: [    0.000000]   AMD AuthenticAMD
Sep 11 11:52:24 cu-cs-vm kernel: [    0.000000]   Centaur CentaurHauls
Sep 11 11:52:24 cu-cs-vm kernel: [    0.000000] Disabled fast string operations
Sep 11 11:52:24 cu-cs-vm kernel: [    0.000000] x86/fpu: Supporting XSAVE feature 0x001: 'x87 floating point registers'
Sep 11 11:52:24 cu-cs-vm kernel: [    0.000000] x86/fpu: Supporting XSAVE feature 0x002: 'SSE registers'
Sep 11 11:52:24 cu-cs-vm kernel: [    0.000000] x86/fpu: Supporting XSAVE feature 0x004: 'AVX registers'
Sep 11 11:52:24 cu-cs-vm kernel: [    0.000000] x86/fpu: xstate_offset[2]:  576, xstate_sizes[2]:  256
Sep 11 11:52:24 cu-cs-vm kernel: [    0.000000] x86/fpu: Enabled xstate features 0x7, context size is 832 bytes, using 'standard' format.
Sep 11 11:52:24 cu-cs-vm kernel: [    0.000000] e820: BIOS-provided physical RAM map:
Sep 11 11:52:24 cu-cs-vm kernel: [    0.000000] BIOS-e820: [mem 0x0000000000000000-0x000000000009e7ff] usable
Sep 11 11:52:24 cu-cs-vm kernel: [    0.000000] BIOS-e820: [mem 0x000000000009e800-0x000000000009ffff] reserved
Sep 11 11:52:24 cu-cs-vm kernel: [    0.000000] BIOS-e820: [mem 0x00000000000dc000-0x00000000000fffff] reserved
Sep 11 11:52:24 cu-cs-vm kernel: [    0.000000] BIOS-e820: [mem 0x0000000000100000-0x000000007fedffff] usable
Sep 11 11:52:24 cu-cs-vm kernel: [    0.000000] BIOS-e820: [mem 0x000000007fee0000-0x000000007fefefff] ACPI data
Sep 11 11:52:24 cu-cs-vm kernel: [    0.000000] BIOS-e820: [mem 0x000000007feff000-0x000000007fefffff] ACPI NVS
Sep 11 11:52:24 cu-cs-vm kernel: [    0.000000] BIOS-e820: [mem 0x000000007ff00000-0x000000007fffffff] usable
Sep 11 11:52:24 cu-cs-vm kernel: [    0.000000] BIOS-e820: [mem 0x00000000f0000000-0x00000000f7ffffff] reserved
Sep 11 11:52:24 cu-cs-vm kernel: [    0.000000] BIOS-e820: [mem 0x00000000fec00000-0x00000000fec0ffff] reserved
Sep 11 11:52:24 cu-cs-vm kernel: [    0.000000] BIOS-e820: [mem 0x00000000fee00000-0x00000000fee00fff] reserved
Sep 11 11:52:24 cu-cs-vm kernel: [    0.000000] BIOS-e820: [mem 0x00000000fffe0000-0x00000000ffffffff] reserved
Sep 11 11:52:24 cu-cs-vm kernel: [    0.000000] NX (Execute Disable) protection: active
Sep 11 11:52:24 cu-cs-vm kernel: [    0.000000] SMBIOS 2.4 present.
Sep 11 11:52:24 cu-cs-vm kernel: [    0.000000] DMI: VMware, Inc. VMware Virtual Platform/440BX Desktop Reference Platform, BIOS 6.00 07/02/2015
Sep 11 11:52:24 cu-cs-vm kernel: [    0.000000] Hypervisor detected: VMware
Sep 11 11:52:24 cu-cs-vm kernel: [    0.000000] vmware: TSC freq read from hypervisor : 2294.824 MHz
Sep 11 11:52:24 cu-cs-vm kernel: [    0.000000] vmware: Host bus clock speed read from hypervisor : 66000000 Hz
Sep 11 11:52:24 cu-cs-vm kernel: [    0.000000] vmware: using sched offset of 3967886295 ns
Sep 11 11:52:24 cu-cs-vm kernel: [    0.000000] e820: update [mem 0x00000000-0x00000fff] usable ==> reserved
Sep 11 11:52:24 cu-cs-vm kernel: [    0.000000] e820: remove [mem 0x000a0000-0x000fffff] usable
Sep 11 11:52:24 cu-cs-vm kernel: [    0.000000] e820: last_pfn = 0x80000 max_arch_pfn = 0x400000000
Sep 11 11:52:24 cu-cs-vm kernel: [    0.000000] MTRR default type: uncachable
Sep 11 11:52:24 cu-cs-vm kernel: [    0.000000] MTRR fixed ranges enabled:
Sep 11 11:52:24 cu-cs-vm kernel: [    0.000000]   00000-9FFFF write-back
Sep 11 11:52:24 cu-cs-vm kernel: [    0.000000]   A0000-BFFFF uncachable
Sep 11 11:52:24 cu-cs-vm kernel: [    0.000000]   C0000-C7FFF write-protect
Sep 11 11:52:24 cu-cs-vm kernel: [    0.000000]   C8000-CBFFF write-back
Sep 11 11:52:24 cu-cs-vm kernel: [    0.000000]   CC000-EFFFF uncachable
Sep 11 11:52:24 cu-cs-vm kernel: [    0.000000]   F0000-FFFFF write-protect
Sep 11 11:52:24 cu-cs-vm kernel: [    0.000000] MTRR variable ranges enabled:
Sep 11 11:52:24 cu-cs-vm kernel: [    0.000000]   0 base 000C0000000 mask 3FFC0000000 uncachable
Sep 11 11:52:24 cu-cs-vm kernel: [    0.000000]   1 base 00000000000 mask 3FF00000000 write-back
Sep 11 11:52:24 cu-cs-vm kernel: [    0.000000]   2 disabled
Sep 11 11:52:24 cu-cs-vm kernel: [    0.000000]   3 disabled
Sep 11 11:52:24 cu-cs-vm kernel: [    0.000000]   4 disabled
Sep 11 11:52:24 cu-cs-vm kernel: [    0.000000]   5 disabled
Sep 11 11:52:24 cu-cs-vm kernel: [    0.000000]   6 disabled
Sep 11 11:52:24 cu-cs-vm kernel: [    0.000000]   7 disabled
Sep 11 11:52:24 cu-cs-vm kernel: [    0.000000] x86/PAT: Configuration [0-7]: WB  WC  UC- UC  WB  WP  UC- WT  
Sep 11 11:52:24 cu-cs-vm kernel: [    0.000000] total RAM covered: 3072M
Sep 11 11:52:24 cu-cs-vm kernel: [    0.000000] Found optimal setting for mtrr clean up
Sep 11 11:52:24 cu-cs-vm kernel: [    0.000000]  gran_size: 64K 	chunk_size: 64K 	num_reg: 2  	lose cover RAM: 0G
Sep 11 11:52:24 cu-cs-vm kernel: [    0.000000] found SMP MP-table at [mem 0x000f6a80-0x000f6a8f] mapped at [        (ptrval)]
Sep 11 11:52:24 cu-cs-vm kernel: [    0.000000] Scanning 1 areas for low memory corruption
Sep 11 11:52:24 cu-cs-vm kernel: [    0.000000] Base memory trampoline at [        (ptrval)] 98000 size 24576
Sep 11 11:52:24 cu-cs-vm kernel: [    0.000000] BRK [0x1df1c000, 0x1df1cfff] PGTABLE
Sep 11 11:52:24 cu-cs-vm kernel: [    0.000000] BRK [0x1df1d000, 0x1df1dfff] PGTABLE
Sep 11 11:52:24 cu-cs-vm kernel: [    0.000000] BRK [0x1df1e000, 0x1df1efff] PGTABLE
Sep 11 11:52:24 cu-cs-vm kernel: [    0.000000] BRK [0x1df1f000, 0x1df1ffff] PGTABLE
Sep 11 11:52:24 cu-cs-vm kernel: [    0.000000] BRK [0x1df20000, 0x1df20fff] PGTABLE
Sep 11 11:52:24 cu-cs-vm kernel: [    0.000000] BRK [0x1df21000, 0x1df21fff] PGTABLE
Sep 11 11:52:24 cu-cs-vm kernel: [    0.000000] RAMDISK: [mem 0x34e02000-0x366f8fff]
Sep 11 11:52:24 cu-cs-vm kernel: [    0.000000] ACPI: Early table checksum verification disabled
Sep 11 11:52:24 cu-cs-vm kernel: [    0.000000] ACPI: RSDP 0x00000000000F6A10 000024 (v02 PTLTD )
Sep 11 11:52:24 cu-cs-vm kernel: [    0.000000] ACPI: XSDT 0x000000007FEEA69F 000054 (v01 INTEL  440BX    06040000 VMW  01324272)
Sep 11 11:52:24 cu-cs-vm kernel: [    0.000000] ACPI: FACP 0x000000007FEFEE73 0000F4 (v04 INTEL  440BX    06040000 PTL  000F4240)
Sep 11 11:52:24 cu-cs-vm kernel: [    0.000000] ACPI: DSDT 0x000000007FEEC749 01272A (v01 PTLTD  Custom   06040000 MSFT 03000001)
Sep 11 11:52:24 cu-cs-vm kernel: [    0.000000] ACPI: FACS 0x000000007FEFFFC0 000040
Sep 11 11:52:24 cu-cs-vm kernel: [    0.000000] ACPI: FACS 0x000000007FEFFFC0 000040
Sep 11 11:52:24 cu-cs-vm kernel: [    0.000000] ACPI: BOOT 0x000000007FEEC721 000028 (v01 PTLTD  $SBFTBL$ 06040000  LTP 00000001)
Sep 11 11:52:24 cu-cs-vm kernel: [    0.000000] ACPI: APIC 0x000000007FEEB8BD 000742 (v01 PTLTD  ? APIC   06040000  LTP 00000000)
Sep 11 11:52:24 cu-cs-vm kernel: [    0.000000] ACPI: MCFG 0x000000007FEEB881 00003C (v01 PTLTD  $PCITBL$ 06040000  LTP 00000001)
Sep 11 11:52:24 cu-cs-vm kernel: [    0.000000] ACPI: SRAT 0x000000007FEEA757 0008A8 (v02 VMWARE MEMPLUG  06040000 VMW  00000001)
Sep 11 11:52:24 cu-cs-vm kernel: [    0.000000] ACPI: WAET 0x000000007FEEA72F 000028 (v01 VMWARE VMW WAET 06040000 VMW  00000001)
Sep 11 11:52:24 cu-cs-vm kernel: [    0.000000] ACPI: Local APIC address 0xfee00000
Sep 11 11:52:24 cu-cs-vm kernel: [    0.000000] system APIC only can use physical flat
Sep 11 11:52:24 cu-cs-vm kernel: [    0.000000] Setting APIC routing to physical flat.
Sep 11 11:52:24 cu-cs-vm kernel: [    0.000000] SRAT: PXM 0 -> APIC 0x00 -> Node 0
Sep 11 11:52:24 cu-cs-vm kernel: [    0.000000] SRAT: PXM 0 -> APIC 0x02 -> Node 0
Sep 11 11:52:24 cu-cs-vm kernel: [    0.000000] SRAT: PXM 0 -> APIC 0x04 -> Node 0
Sep 11 11:52:24 cu-cs-vm kernel: [    0.000000] SRAT: PXM 0 -> APIC 0x06 -> Node 0
Sep 11 11:52:24 cu-cs-vm kernel: [    0.000000] SRAT: PXM 0 -> APIC 0x08 -> Node 0
Sep 11 11:52:24 cu-cs-vm kernel: [    0.000000] SRAT: PXM 0 -> APIC 0x0a -> Node 0
Sep 11 11:52:24 cu-cs-vm kernel: [    0.000000] SRAT: PXM 0 -> APIC 0x0c -> Node 0
Sep 11 11:52:24 cu-cs-vm kernel: [    0.000000] SRAT: PXM 0 -> APIC 0x0e -> Node 0
Sep 11 11:52:24 cu-cs-vm kernel: [    0.000000] SRAT: PXM 0 -> APIC 0x10 -> Node 0
Sep 11 11:52:24 cu-cs-vm kernel: [    0.000000] SRAT: PXM 0 -> APIC 0x12 -> Node 0
Sep 11 11:52:24 cu-cs-vm kernel: [    0.000000] SRAT: PXM 0 -> APIC 0x14 -> Node 0
Sep 11 11:52:24 cu-cs-vm kernel: [    0.000000] SRAT: PXM 0 -> APIC 0x16 -> Node 0
Sep 11 11:52:24 cu-cs-vm kernel: [    0.000000] SRAT: PXM 0 -> APIC 0x18 -> Node 0
Sep 11 11:52:24 cu-cs-vm kernel: [    0.000000] SRAT: PXM 0 -> APIC 0x1a -> Node 0
Sep 11 11:52:24 cu-cs-vm kernel: [    0.000000] SRAT: PXM 0 -> APIC 0x1c -> Node 0
Sep 11 11:52:24 cu-cs-vm kernel: [    0.000000] SRAT: PXM 0 -> APIC 0x1e -> Node 0
Sep 11 11:52:24 cu-cs-vm kernel: [    0.000000] SRAT: PXM 0 -> APIC 0x20 -> Node 0
Sep 11 11:52:24 cu-cs-vm kernel: [    0.000000] SRAT: PXM 0 -> APIC 0x22 -> Node 0
Sep 11 11:52:24 cu-cs-vm kernel: [    0.000000] SRAT: PXM 0 -> APIC 0x24 -> Node 0
Sep 11 11:52:24 cu-cs-vm kernel: [    0.000000] SRAT: PXM 0 -> APIC 0x26 -> Node 0
Sep 11 11:52:24 cu-cs-vm kernel: [    0.000000] SRAT: PXM 0 -> APIC 0x28 -> Node 0
Sep 11 11:52:24 cu-cs-vm kernel: [    0.000000] SRAT: PXM 0 -> APIC 0x2a -> Node 0
Sep 11 11:52:24 cu-cs-vm kernel: [    0.000000] SRAT: PXM 0 -> APIC 0x2c -> Node 0
Sep 11 11:52:24 cu-cs-vm kernel: [    0.000000] SRAT: PXM 0 -> APIC 0x2e -> Node 0
Sep 11 11:52:24 cu-cs-vm kernel: [    0.000000] SRAT: PXM 0 -> APIC 0x30 -> Node 0
Sep 11 11:52:24 cu-cs-vm kernel: [    0.000000] SRAT: PXM 0 -> APIC 0x32 -> Node 0
Sep 11 11:52:24 cu-cs-vm kernel: [    0.000000] SRAT: PXM 0 -> APIC 0x34 -> Node 0
Sep 11 11:52:24 cu-cs-vm kernel: [    0.000000] SRAT: PXM 0 -> APIC 0x36 -> Node 0
Sep 11 11:52:24 cu-cs-vm kernel: [    0.000000] SRAT: PXM 0 -> APIC 0x38 -> Node 0
Sep 11 11:52:24 cu-cs-vm kernel: [    0.000000] SRAT: PXM 0 -> APIC 0x3a -> Node 0
Sep 11 11:52:24 cu-cs-vm kernel: [    0.000000] SRAT: PXM 0 -> APIC 0x3c -> Node 0
Sep 11 11:52:24 cu-cs-vm kernel: [    0.000000] SRAT: PXM 0 -> APIC 0x3e -> Node 0
Sep 11 11:52:24 cu-cs-vm kernel: [    0.000000] SRAT: PXM 0 -> APIC 0x40 -> Node 0
Sep 11 11:52:24 cu-cs-vm kernel: [    0.000000] SRAT: PXM 0 -> APIC 0x42 -> Node 0
Sep 11 11:52:24 cu-cs-vm kernel: [    0.000000] SRAT: PXM 0 -> APIC 0x44 -> Node 0
Sep 11 11:52:24 cu-cs-vm kernel: [    0.000000] SRAT: PXM 0 -> APIC 0x46 -> Node 0
Sep 11 11:52:24 cu-cs-vm kernel: [    0.000000] SRAT: PXM 0 -> APIC 0x48 -> Node 0
Sep 11 11:52:24 cu-cs-vm kernel: [    0.000000] SRAT: PXM 0 -> APIC 0x4a -> Node 0
Sep 11 11:52:24 cu-cs-vm kernel: [    0.000000] SRAT: PXM 0 -> APIC 0x4c -> Node 0
Sep 11 11:52:24 cu-cs-vm kernel: [    0.000000] SRAT: PXM 0 -> APIC 0x4e -> Node 0
Sep 11 11:52:24 cu-cs-vm kernel: [    0.000000] SRAT: PXM 0 -> APIC 0x50 -> Node 0
Sep 11 11:52:24 cu-cs-vm kernel: [    0.000000] SRAT: PXM 0 -> APIC 0x52 -> Node 0
Sep 11 11:52:24 cu-cs-vm kernel: [    0.000000] SRAT: PXM 0 -> APIC 0x54 -> Node 0
Sep 11 11:52:24 cu-cs-vm kernel: [    0.000000] SRAT: PXM 0 -> APIC 0x56 -> Node 0
Sep 11 11:52:24 cu-cs-vm kernel: [    0.000000] SRAT: PXM 0 -> APIC 0x58 -> Node 0
Sep 11 11:52:24 cu-cs-vm kernel: [    0.000000] SRAT: PXM 0 -> APIC 0x5a -> Node 0
Sep 11 11:52:24 cu-cs-vm kernel: [    0.000000] SRAT: PXM 0 -> APIC 0x5c -> Node 0
Sep 11 11:52:24 cu-cs-vm kernel: [    0.000000] SRAT: PXM 0 -> APIC 0x5e -> Node 0
Sep 11 11:52:24 cu-cs-vm kernel: [    0.000000] SRAT: PXM 0 -> APIC 0x60 -> Node 0
Sep 11 11:52:24 cu-cs-vm kernel: [    0.000000] SRAT: PXM 0 -> APIC 0x62 -> Node 0
Sep 11 11:52:24 cu-cs-vm kernel: [    0.000000] SRAT: PXM 0 -> APIC 0x64 -> Node 0
Sep 11 11:52:24 cu-cs-vm kernel: [    0.000000] SRAT: PXM 0 -> APIC 0x66 -> Node 0
Sep 11 11:52:24 cu-cs-vm kernel: [    0.000000] SRAT: PXM 0 -> APIC 0x68 -> Node 0
Sep 11 11:52:24 cu-cs-vm kernel: [    0.000000] SRAT: PXM 0 -> APIC 0x6a -> Node 0
Sep 11 11:52:24 cu-cs-vm kernel: [    0.000000] SRAT: PXM 0 -> APIC 0x6c -> Node 0
Sep 11 11:52:24 cu-cs-vm kernel: [    0.000000] SRAT: PXM 0 -> APIC 0x6e -> Node 0
Sep 11 11:52:24 cu-cs-vm kernel: [    0.000000] SRAT: PXM 0 -> APIC 0x70 -> Node 0
Sep 11 11:52:24 cu-cs-vm kernel: [    0.000000] SRAT: PXM 0 -> APIC 0x72 -> Node 0
Sep 11 11:52:24 cu-cs-vm kernel: [    0.000000] SRAT: PXM 0 -> APIC 0x74 -> Node 0
Sep 11 11:52:24 cu-cs-vm kernel: [    0.000000] SRAT: PXM 0 -> APIC 0x76 -> Node 0
Sep 11 11:52:24 cu-cs-vm kernel: [    0.000000] SRAT: PXM 0 -> APIC 0x78 -> Node 0
Sep 11 11:52:24 cu-cs-vm kernel: [    0.000000] SRAT: PXM 0 -> APIC 0x7a -> Node 0
Sep 11 11:52:24 cu-cs-vm kernel: [    0.000000] SRAT: PXM 0 -> APIC 0x7c -> Node 0
Sep 11 11:52:24 cu-cs-vm kernel: [    0.000000] SRAT: PXM 0 -> APIC 0x7e -> Node 0
Sep 11 11:52:24 cu-cs-vm kernel: [    0.000000] SRAT: PXM 0 -> APIC 0x80 -> Node 0
Sep 11 11:52:24 cu-cs-vm kernel: [    0.000000] SRAT: PXM 0 -> APIC 0x82 -> Node 0
Sep 11 11:52:24 cu-cs-vm kernel: [    0.000000] SRAT: PXM 0 -> APIC 0x84 -> Node 0
Sep 11 11:52:24 cu-cs-vm kernel: [    0.000000] SRAT: PXM 0 -> APIC 0x86 -> Node 0
Sep 11 11:52:24 cu-cs-vm kernel: [    0.000000] SRAT: PXM 0 -> APIC 0x88 -> Node 0
Sep 11 11:52:24 cu-cs-vm kernel: [    0.000000] SRAT: PXM 0 -> APIC 0x8a -> Node 0
Sep 11 11:52:24 cu-cs-vm kernel: [    0.000000] SRAT: PXM 0 -> APIC 0x8c -> Node 0
Sep 11 11:52:24 cu-cs-vm kernel: [    0.000000] SRAT: PXM 0 -> APIC 0x8e -> Node 0
Sep 11 11:52:24 cu-cs-vm kernel: [    0.000000] SRAT: PXM 0 -> APIC 0x90 -> Node 0
Sep 11 11:52:24 cu-cs-vm kernel: [    0.000000] SRAT: PXM 0 -> APIC 0x92 -> Node 0
Sep 11 11:52:24 cu-cs-vm kernel: [    0.000000] SRAT: PXM 0 -> APIC 0x94 -> Node 0
Sep 11 11:52:24 cu-cs-vm kernel: [    0.000000] SRAT: PXM 0 -> APIC 0x96 -> Node 0
Sep 11 11:52:24 cu-cs-vm kernel: [    0.000000] SRAT: PXM 0 -> APIC 0x98 -> Node 0
Sep 11 11:52:24 cu-cs-vm kernel: [    0.000000] SRAT: PXM 0 -> APIC 0x9a -> Node 0
Sep 11 11:52:24 cu-cs-vm kernel: [    0.000000] SRAT: PXM 0 -> APIC 0x9c -> Node 0
Sep 11 11:52:24 cu-cs-vm kernel: [    0.000000] SRAT: PXM 0 -> APIC 0x9e -> Node 0
Sep 11 11:52:24 cu-cs-vm kernel: [    0.000000] SRAT: PXM 0 -> APIC 0xa0 -> Node 0
Sep 11 11:52:24 cu-cs-vm kernel: [    0.000000] SRAT: PXM 0 -> APIC 0xa2 -> Node 0
Sep 11 11:52:24 cu-cs-vm kernel: [    0.000000] SRAT: PXM 0 -> APIC 0xa4 -> Node 0
Sep 11 11:52:24 cu-cs-vm kernel: [    0.000000] SRAT: PXM 0 -> APIC 0xa6 -> Node 0
Sep 11 11:52:24 cu-cs-vm kernel: [    0.000000] SRAT: PXM 0 -> APIC 0xa8 -> Node 0
Sep 11 11:52:24 cu-cs-vm kernel: [    0.000000] SRAT: PXM 0 -> APIC 0xaa -> Node 0
Sep 11 11:52:24 cu-cs-vm kernel: [    0.000000] SRAT: PXM 0 -> APIC 0xac -> Node 0
Sep 11 11:52:24 cu-cs-vm kernel: [    0.000000] SRAT: PXM 0 -> APIC 0xae -> Node 0
Sep 11 11:52:24 cu-cs-vm kernel: [    0.000000] SRAT: PXM 0 -> APIC 0xb0 -> Node 0
Sep 11 11:52:24 cu-cs-vm kernel: [    0.000000] SRAT: PXM 0 -> APIC 0xb2 -> Node 0
Sep 11 11:52:24 cu-cs-vm kernel: [    0.000000] SRAT: PXM 0 -> APIC 0xb4 -> Node 0
Sep 11 11:52:24 cu-cs-vm kernel: [    0.000000] SRAT: PXM 0 -> APIC 0xb6 -> Node 0
Sep 11 11:52:24 cu-cs-vm kernel: [    0.000000] SRAT: PXM 0 -> APIC 0xb8 -> Node 0
Sep 11 11:52:24 cu-cs-vm kernel: [    0.000000] SRAT: PXM 0 -> APIC 0xba -> Node 0
Sep 11 11:52:24 cu-cs-vm kernel: [    0.000000] SRAT: PXM 0 -> APIC 0xbc -> Node 0
Sep 11 11:52:24 cu-cs-vm kernel: [    0.000000] SRAT: PXM 0 -> APIC 0xbe -> Node 0
Sep 11 11:52:24 cu-cs-vm kernel: [    0.000000] SRAT: PXM 0 -> APIC 0xc0 -> Node 0
Sep 11 11:52:24 cu-cs-vm kernel: [    0.000000] SRAT: PXM 0 -> APIC 0xc2 -> Node 0
Sep 11 11:52:24 cu-cs-vm kernel: [    0.000000] SRAT: PXM 0 -> APIC 0xc4 -> Node 0
Sep 11 11:52:24 cu-cs-vm kernel: [    0.000000] SRAT: PXM 0 -> APIC 0xc6 -> Node 0
Sep 11 11:52:24 cu-cs-vm kernel: [    0.000000] SRAT: PXM 0 -> APIC 0xc8 -> Node 0
Sep 11 11:52:24 cu-cs-vm kernel: [    0.000000] SRAT: PXM 0 -> APIC 0xca -> Node 0
Sep 11 11:52:24 cu-cs-vm kernel: [    0.000000] SRAT: PXM 0 -> APIC 0xcc -> Node 0
Sep 11 11:52:24 cu-cs-vm kernel: [    0.000000] SRAT: PXM 0 -> APIC 0xce -> Node 0
Sep 11 11:52:24 cu-cs-vm kernel: [    0.000000] SRAT: PXM 0 -> APIC 0xd0 -> Node 0
Sep 11 11:52:24 cu-cs-vm kernel: [    0.000000] SRAT: PXM 0 -> APIC 0xd2 -> Node 0
Sep 11 11:52:24 cu-cs-vm kernel: [    0.000000] SRAT: PXM 0 -> APIC 0xd4 -> Node 0
Sep 11 11:52:24 cu-cs-vm kernel: [    0.000000] SRAT: PXM 0 -> APIC 0xd6 -> Node 0
Sep 11 11:52:24 cu-cs-vm kernel: [    0.000000] SRAT: PXM 0 -> APIC 0xd8 -> Node 0
Sep 11 11:52:24 cu-cs-vm kernel: [    0.000000] SRAT: PXM 0 -> APIC 0xda -> Node 0
Sep 11 11:52:24 cu-cs-vm kernel: [    0.000000] SRAT: PXM 0 -> APIC 0xdc -> Node 0
Sep 11 11:52:24 cu-cs-vm kernel: [    0.000000] SRAT: PXM 0 -> APIC 0xde -> Node 0
Sep 11 11:52:24 cu-cs-vm kernel: [    0.000000] SRAT: PXM 0 -> APIC 0xe0 -> Node 0
Sep 11 11:52:24 cu-cs-vm kernel: [    0.000000] SRAT: PXM 0 -> APIC 0xe2 -> Node 0
Sep 11 11:52:24 cu-cs-vm kernel: [    0.000000] SRAT: PXM 0 -> APIC 0xe4 -> Node 0
Sep 11 11:52:24 cu-cs-vm kernel: [    0.000000] SRAT: PXM 0 -> APIC 0xe6 -> Node 0
Sep 11 11:52:24 cu-cs-vm kernel: [    0.000000] SRAT: PXM 0 -> APIC 0xe8 -> Node 0
Sep 11 11:52:24 cu-cs-vm kernel: [    0.000000] SRAT: PXM 0 -> APIC 0xea -> Node 0
Sep 11 11:52:24 cu-cs-vm kernel: [    0.000000] SRAT: PXM 0 -> APIC 0xec -> Node 0
Sep 11 11:52:24 cu-cs-vm kernel: [    0.000000] SRAT: PXM 0 -> APIC 0xee -> Node 0
Sep 11 11:52:24 cu-cs-vm kernel: [    0.000000] SRAT: PXM 0 -> APIC 0xf0 -> Node 0
Sep 11 11:52:24 cu-cs-vm kernel: [    0.000000] SRAT: PXM 0 -> APIC 0xf2 -> Node 0
Sep 11 11:52:24 cu-cs-vm kernel: [    0.000000] SRAT: PXM 0 -> APIC 0xf4 -> Node 0
Sep 11 11:52:24 cu-cs-vm kernel: [    0.000000] SRAT: PXM 0 -> APIC 0xf6 -> Node 0
Sep 11 11:52:24 cu-cs-vm kernel: [    0.000000] SRAT: PXM 0 -> APIC 0xf8 -> Node 0
Sep 11 11:52:24 cu-cs-vm kernel: [    0.000000] SRAT: PXM 0 -> APIC 0xfa -> Node 0
Sep 11 11:52:24 cu-cs-vm kernel: [    0.000000] SRAT: PXM 0 -> APIC 0xfc -> Node 0
Sep 11 11:52:24 cu-cs-vm kernel: [    0.000000] SRAT: PXM 0 -> APIC 0xfe -> Node 0
Sep 11 11:52:24 cu-cs-vm kernel: [    0.000000] ACPI: SRAT: Node 0 PXM 0 [mem 0x00000000-0x0009ffff]
Sep 11 11:52:24 cu-cs-vm kernel: [    0.000000] ACPI: SRAT: Node 0 PXM 0 [mem 0x00100000-0x7fffffff]
Sep 11 11:52:24 cu-cs-vm kernel: [    0.000000] ACPI: SRAT: Node 0 PXM 0 [mem 0x80000000-0xbfffffff] hotplug
Sep 11 11:52:24 cu-cs-vm kernel: [    0.000000] NUMA: Node 0 [mem 0x00000000-0x0009ffff] + [mem 0x00100000-0x7fffffff] -> [mem 0x00000000-0x7fffffff]
Sep 11 11:52:24 cu-cs-vm kernel: [    0.000000] NODE_DATA(0) allocated [mem 0x7ffd5000-0x7fffffff]
Sep 11 11:52:24 cu-cs-vm kernel: [    0.000000] Zone ranges:
Sep 11 11:52:24 cu-cs-vm kernel: [    0.000000]   DMA      [mem 0x0000000000001000-0x0000000000ffffff]
Sep 11 11:52:24 cu-cs-vm kernel: [    0.000000]   DMA32    [mem 0x0000000001000000-0x000000007fffffff]
Sep 11 11:52:24 cu-cs-vm kernel: [    0.000000]   Normal   empty
Sep 11 11:52:24 cu-cs-vm kernel: [    0.000000]   Device   empty
Sep 11 11:52:24 cu-cs-vm kernel: [    0.000000] Movable zone start for each node
Sep 11 11:52:24 cu-cs-vm kernel: [    0.000000] Early memory node ranges
Sep 11 11:52:24 cu-cs-vm kernel: [    0.000000]   node   0: [mem 0x0000000000001000-0x000000000009dfff]
Sep 11 11:52:24 cu-cs-vm kernel: [    0.000000]   node   0: [mem 0x0000000000100000-0x000000007fedffff]
Sep 11 11:52:24 cu-cs-vm kernel: [    0.000000]   node   0: [mem 0x000000007ff00000-0x000000007fffffff]
Sep 11 11:52:24 cu-cs-vm kernel: [    0.000000] Initmem setup node 0 [mem 0x0000000000001000-0x000000007fffffff]
Sep 11 11:52:24 cu-cs-vm kernel: [    0.000000] On node 0 totalpages: 524157
Sep 11 11:52:24 cu-cs-vm kernel: [    0.000000]   DMA zone: 64 pages used for memmap
Sep 11 11:52:24 cu-cs-vm kernel: [    0.000000]   DMA zone: 21 pages reserved
Sep 11 11:52:24 cu-cs-vm kernel: [    0.000000]   DMA zone: 3997 pages, LIFO batch:0
Sep 11 11:52:24 cu-cs-vm kernel: [    0.000000]   DMA32 zone: 8128 pages used for memmap
Sep 11 11:52:24 cu-cs-vm kernel: [    0.000000]   DMA32 zone: 520160 pages, LIFO batch:31
Sep 11 11:52:24 cu-cs-vm kernel: [    0.000000] Reserved but unavailable: 99 pages
Sep 11 11:52:24 cu-cs-vm kernel: [    0.000000] ACPI: PM-Timer IO Port: 0x1008
Sep 11 11:52:24 cu-cs-vm kernel: [    0.000000] ACPI: Local APIC address 0xfee00000
Sep 11 11:52:24 cu-cs-vm kernel: [    0.000000] system APIC only can use physical flat
Sep 11 11:52:24 cu-cs-vm kernel: [    0.000000] ACPI: LAPIC_NMI (acpi_id[0x00] high edge lint[0x1])
Sep 11 11:52:24 cu-cs-vm kernel: [    0.000000] ACPI: LAPIC_NMI (acpi_id[0x01] high edge lint[0x1])
Sep 11 11:52:24 cu-cs-vm kernel: [    0.000000] ACPI: LAPIC_NMI (acpi_id[0x02] high edge lint[0x1])
Sep 11 11:52:24 cu-cs-vm kernel: [    0.000000] ACPI: LAPIC_NMI (acpi_id[0x03] high edge lint[0x1])
Sep 11 11:52:24 cu-cs-vm kernel: [    0.000000] ACPI: LAPIC_NMI (acpi_id[0x04] high edge lint[0x1])
Sep 11 11:52:24 cu-cs-vm kernel: [    0.000000] ACPI: LAPIC_NMI (acpi_id[0x05] high edge lint[0x1])
Sep 11 11:52:24 cu-cs-vm kernel: [    0.000000] ACPI: LAPIC_NMI (acpi_id[0x06] high edge lint[0x1])
Sep 11 11:52:24 cu-cs-vm kernel: [    0.000000] ACPI: LAPIC_NMI (acpi_id[0x07] high edge lint[0x1])
Sep 11 11:52:24 cu-cs-vm kernel: [    0.000000] ACPI: LAPIC_NMI (acpi_id[0x08] high edge lint[0x1])
Sep 11 11:52:24 cu-cs-vm kernel: [    0.000000] ACPI: LAPIC_NMI (acpi_id[0x09] high edge lint[0x1])
Sep 11 11:52:24 cu-cs-vm kernel: [    0.000000] ACPI: LAPIC_NMI (acpi_id[0x0a] high edge lint[0x1])
Sep 11 11:52:24 cu-cs-vm kernel: [    0.000000] ACPI: LAPIC_NMI (acpi_id[0x0b] high edge lint[0x1])
Sep 11 11:52:24 cu-cs-vm kernel: [    0.000000] ACPI: LAPIC_NMI (acpi_id[0x0c] high edge lint[0x1])
Sep 11 11:52:24 cu-cs-vm kernel: [    0.000000] ACPI: LAPIC_NMI (acpi_id[0x0d] high edge lint[0x1])
Sep 11 11:52:24 cu-cs-vm kernel: [    0.000000] ACPI: LAPIC_NMI (acpi_id[0x0e] high edge lint[0x1])
Sep 11 11:52:24 cu-cs-vm kernel: [    0.000000] ACPI: LAPIC_NMI (acpi_id[0x0f] high edge lint[0x1])
Sep 11 11:52:24 cu-cs-vm kernel: [    0.000000] ACPI: LAPIC_NMI (acpi_id[0x10] high edge lint[0x1])
Sep 11 11:52:24 cu-cs-vm kernel: [    0.000000] ACPI: LAPIC_NMI (acpi_id[0x11] high edge lint[0x1])
Sep 11 11:52:24 cu-cs-vm kernel: [    0.000000] ACPI: LAPIC_NMI (acpi_id[0x12] high edge lint[0x1])
Sep 11 11:52:24 cu-cs-vm kernel: [    0.000000] ACPI: LAPIC_NMI (acpi_id[0x13] high edge lint[0x1])
Sep 11 11:52:24 cu-cs-vm kernel: [    0.000000] ACPI: LAPIC_NMI (acpi_id[0x14] high edge lint[0x1])
Sep 11 11:52:24 cu-cs-vm kernel: [    0.000000] ACPI: LAPIC_NMI (acpi_id[0x15] high edge lint[0x1])
Sep 11 11:52:24 cu-cs-vm kernel: [    0.000000] ACPI: LAPIC_NMI (acpi_id[0x16] high edge lint[0x1])
Sep 11 11:52:24 cu-cs-vm kernel: [    0.000000] ACPI: LAPIC_NMI (acpi_id[0x17] high edge lint[0x1])
Sep 11 11:52:24 cu-cs-vm kernel: [    0.000000] ACPI: LAPIC_NMI (acpi_id[0x18] high edge lint[0x1])
Sep 11 11:52:24 cu-cs-vm kernel: [    0.000000] ACPI: LAPIC_NMI (acpi_id[0x19] high edge lint[0x1])
Sep 11 11:52:24 cu-cs-vm kernel: [    0.000000] ACPI: LAPIC_NMI (acpi_id[0x1a] high edge lint[0x1])
Sep 11 11:52:24 cu-cs-vm kernel: [    0.000000] ACPI: LAPIC_NMI (acpi_id[0x1b] high edge lint[0x1])
Sep 11 11:52:24 cu-cs-vm kernel: [    0.000000] ACPI: LAPIC_NMI (acpi_id[0x1c] high edge lint[0x1])
Sep 11 11:52:24 cu-cs-vm kernel: [    0.000000] ACPI: LAPIC_NMI (acpi_id[0x1d] high edge lint[0x1])
Sep 11 11:52:24 cu-cs-vm kernel: [    0.000000] ACPI: LAPIC_NMI (acpi_id[0x1e] high edge lint[0x1])
Sep 11 11:52:24 cu-cs-vm kernel: [    0.000000] ACPI: LAPIC_NMI (acpi_id[0x1f] high edge lint[0x1])
Sep 11 11:52:24 cu-cs-vm kernel: [    0.000000] ACPI: LAPIC_NMI (acpi_id[0x20] high edge lint[0x1])
Sep 11 11:52:24 cu-cs-vm kernel: [    0.000000] ACPI: LAPIC_NMI (acpi_id[0x21] high edge lint[0x1])
Sep 11 11:52:24 cu-cs-vm kernel: [    0.000000] ACPI: LAPIC_NMI (acpi_id[0x22] high edge lint[0x1])
Sep 11 11:52:24 cu-cs-vm kernel: [    0.000000] ACPI: LAPIC_NMI (acpi_id[0x23] high edge lint[0x1])
Sep 11 11:52:24 cu-cs-vm kernel: [    0.000000] ACPI: LAPIC_NMI (acpi_id[0x24] high edge lint[0x1])
Sep 11 11:52:24 cu-cs-vm kernel: [    0.000000] ACPI: LAPIC_NMI (acpi_id[0x25] high edge lint[0x1])
Sep 11 11:52:24 cu-cs-vm kernel: [    0.000000] ACPI: LAPIC_NMI (acpi_id[0x26] high edge lint[0x1])
Sep 11 11:52:24 cu-cs-vm kernel: [    0.000000] ACPI: LAPIC_NMI (acpi_id[0x27] high edge lint[0x1])
Sep 11 11:52:24 cu-cs-vm kernel: [    0.000000] ACPI: LAPIC_NMI (acpi_id[0x28] high edge lint[0x1])
Sep 11 11:52:24 cu-cs-vm kernel: [    0.000000] ACPI: LAPIC_NMI (acpi_id[0x29] high edge lint[0x1])
Sep 11 11:52:24 cu-cs-vm kernel: [    0.000000] ACPI: LAPIC_NMI (acpi_id[0x2a] high edge lint[0x1])
Sep 11 11:52:24 cu-cs-vm kernel: [    0.000000] ACPI: LAPIC_NMI (acpi_id[0x2b] high edge lint[0x1])
Sep 11 11:52:24 cu-cs-vm kernel: [    0.000000] ACPI: LAPIC_NMI (acpi_id[0x2c] high edge lint[0x1])
Sep 11 11:52:24 cu-cs-vm kernel: [    0.000000] ACPI: LAPIC_NMI (acpi_id[0x2d] high edge lint[0x1])
Sep 11 11:52:24 cu-cs-vm kernel: [    0.000000] ACPI: LAPIC_NMI (acpi_id[0x2e] high edge lint[0x1])
Sep 11 11:52:24 cu-cs-vm kernel: [    0.000000] ACPI: LAPIC_NMI (acpi_id[0x2f] high edge lint[0x1])
Sep 11 11:52:24 cu-cs-vm kernel: [    0.000000] ACPI: LAPIC_NMI (acpi_id[0x30] high edge lint[0x1])
Sep 11 11:52:24 cu-cs-vm kernel: [    0.000000] ACPI: LAPIC_NMI (acpi_id[0x31] high edge lint[0x1])
Sep 11 11:52:24 cu-cs-vm kernel: [    0.000000] ACPI: LAPIC_NMI (acpi_id[0x32] high edge lint[0x1])
Sep 11 11:52:24 cu-cs-vm kernel: [    0.000000] ACPI: LAPIC_NMI (acpi_id[0x33] high edge lint[0x1])
Sep 11 11:52:24 cu-cs-vm kernel: [    0.000000] ACPI: LAPIC_NMI (acpi_id[0x34] high edge lint[0x1])
Sep 11 11:52:24 cu-cs-vm kernel: [    0.000000] ACPI: LAPIC_NMI (acpi_id[0x35] high edge lint[0x1])
Sep 11 11:52:24 cu-cs-vm kernel: [    0.000000] ACPI: LAPIC_NMI (acpi_id[0x36] high edge lint[0x1])
Sep 11 11:52:24 cu-cs-vm kernel: [    0.000000] ACPI: LAPIC_NMI (acpi_id[0x37] high edge lint[0x1])
Sep 11 11:52:24 cu-cs-vm kernel: [    0.000000] ACPI: LAPIC_NMI (acpi_id[0x38] high edge lint[0x1])
Sep 11 11:52:24 cu-cs-vm kernel: [    0.000000] ACPI: LAPIC_NMI (acpi_id[0x39] high edge lint[0x1])
Sep 11 11:52:24 cu-cs-vm kernel: [    0.000000] ACPI: LAPIC_NMI (acpi_id[0x3a] high edge lint[0x1])
Sep 11 11:52:24 cu-cs-vm kernel: [    0.000000] ACPI: LAPIC_NMI (acpi_id[0x3b] high edge lint[0x1])
Sep 11 11:52:24 cu-cs-vm kernel: [    0.000000] ACPI: LAPIC_NMI (acpi_id[0x3c] high edge lint[0x1])
Sep 11 11:52:24 cu-cs-vm kernel: [    0.000000] ACPI: LAPIC_NMI (acpi_id[0x3d] high edge lint[0x1])
Sep 11 11:52:24 cu-cs-vm kernel: [    0.000000] ACPI: LAPIC_NMI (acpi_id[0x3e] high edge lint[0x1])
Sep 11 11:52:24 cu-cs-vm kernel: [    0.000000] ACPI: LAPIC_NMI (acpi_id[0x3f] high edge lint[0x1])
Sep 11 11:52:24 cu-cs-vm kernel: [    0.000000] ACPI: LAPIC_NMI (acpi_id[0x40] high edge lint[0x1])
Sep 11 11:52:24 cu-cs-vm kernel: [    0.000000] ACPI: LAPIC_NMI (acpi_id[0x41] high edge lint[0x1])
Sep 11 11:52:24 cu-cs-vm kernel: [    0.000000] ACPI: LAPIC_NMI (acpi_id[0x42] high edge lint[0x1])
Sep 11 11:52:24 cu-cs-vm kernel: [    0.000000] ACPI: LAPIC_NMI (acpi_id[0x43] high edge lint[0x1])
Sep 11 11:52:24 cu-cs-vm kernel: [    0.000000] ACPI: LAPIC_NMI (acpi_id[0x44] high edge lint[0x1])
Sep 11 11:52:24 cu-cs-vm kernel: [    0.000000] ACPI: LAPIC_NMI (acpi_id[0x45] high edge lint[0x1])
Sep 11 11:52:24 cu-cs-vm kernel: [    0.000000] ACPI: LAPIC_NMI (acpi_id[0x46] high edge lint[0x1])
Sep 11 11:52:24 cu-cs-vm kernel: [    0.000000] ACPI: LAPIC_NMI (acpi_id[0x47] high edge lint[0x1])
Sep 11 11:52:24 cu-cs-vm kernel: [    0.000000] ACPI: LAPIC_NMI (acpi_id[0x48] high edge lint[0x1])
Sep 11 11:52:24 cu-cs-vm kernel: [    0.000000] ACPI: LAPIC_NMI (acpi_id[0x49] high edge lint[0x1])
Sep 11 11:52:24 cu-cs-vm kernel: [    0.000000] ACPI: LAPIC_NMI (acpi_id[0x4a] high edge lint[0x1])
Sep 11 11:52:24 cu-cs-vm kernel: [    0.000000] ACPI: LAPIC_NMI (acpi_id[0x4b] high edge lint[0x1])
Sep 11 11:52:24 cu-cs-vm kernel: [    0.000000] ACPI: LAPIC_NMI (acpi_id[0x4c] high edge lint[0x1])
Sep 11 11:52:24 cu-cs-vm kernel: [    0.000000] ACPI: LAPIC_NMI (acpi_id[0x4d] high edge lint[0x1])
Sep 11 11:52:24 cu-cs-vm kernel: [    0.000000] ACPI: LAPIC_NMI (acpi_id[0x4e] high edge lint[0x1])
Sep 11 11:52:24 cu-cs-vm kernel: [    0.000000] ACPI: LAPIC_NMI (acpi_id[0x4f] high edge lint[0x1])
Sep 11 11:52:24 cu-cs-vm kernel: [    0.000000] ACPI: LAPIC_NMI (acpi_id[0x50] high edge lint[0x1])
Sep 11 11:52:24 cu-cs-vm kernel: [    0.000000] ACPI: LAPIC_NMI (acpi_id[0x51] high edge lint[0x1])
Sep 11 11:52:24 cu-cs-vm kernel: [    0.000000] ACPI: LAPIC_NMI (acpi_id[0x52] high edge lint[0x1])
Sep 11 11:52:24 cu-cs-vm kernel: [    0.000000] ACPI: LAPIC_NMI (acpi_id[0x53] high edge lint[0x1])
Sep 11 11:52:24 cu-cs-vm kernel: [    0.000000] ACPI: LAPIC_NMI (acpi_id[0x54] high edge lint[0x1])
Sep 11 11:52:24 cu-cs-vm kernel: [    0.000000] ACPI: LAPIC_NMI (acpi_id[0x55] high edge lint[0x1])
Sep 11 11:52:24 cu-cs-vm kernel: [    0.000000] ACPI: LAPIC_NMI (acpi_id[0x56] high edge lint[0x1])
Sep 11 11:52:24 cu-cs-vm kernel: [    0.000000] ACPI: LAPIC_NMI (acpi_id[0x57] high edge lint[0x1])
Sep 11 11:52:24 cu-cs-vm kernel: [    0.000000] ACPI: LAPIC_NMI (acpi_id[0x58] high edge lint[0x1])
Sep 11 11:52:24 cu-cs-vm kernel: [    0.000000] ACPI: LAPIC_NMI (acpi_id[0x59] high edge lint[0x1])
Sep 11 11:52:24 cu-cs-vm kernel: [    0.000000] ACPI: LAPIC_NMI (acpi_id[0x5a] high edge lint[0x1])
Sep 11 11:52:24 cu-cs-vm kernel: [    0.000000] ACPI: LAPIC_NMI (acpi_id[0x5b] high edge lint[0x1])
Sep 11 11:52:24 cu-cs-vm kernel: [    0.000000] ACPI: LAPIC_NMI (acpi_id[0x5c] high edge lint[0x1])
Sep 11 11:52:24 cu-cs-vm kernel: [    0.000000] ACPI: LAPIC_NMI (acpi_id[0x5d] high edge lint[0x1])
Sep 11 11:52:24 cu-cs-vm kernel: [    0.000000] ACPI: LAPIC_NMI (acpi_id[0x5e] high edge lint[0x1])
Sep 11 11:52:24 cu-cs-vm kernel: [    0.000000] ACPI: LAPIC_NMI (acpi_id[0x5f] high edge lint[0x1])
Sep 11 11:52:24 cu-cs-vm kernel: [    0.000000] ACPI: LAPIC_NMI (acpi_id[0x60] high edge lint[0x1])
Sep 11 11:52:24 cu-cs-vm kernel: [    0.000000] ACPI: LAPIC_NMI (acpi_id[0x61] high edge lint[0x1])
Sep 11 11:52:24 cu-cs-vm kernel: [    0.000000] ACPI: LAPIC_NMI (acpi_id[0x62] high edge lint[0x1])
Sep 11 11:52:24 cu-cs-vm kernel: [    0.000000] ACPI: LAPIC_NMI (acpi_id[0x63] high edge lint[0x1])
Sep 11 11:52:24 cu-cs-vm kernel: [    0.000000] ACPI: LAPIC_NMI (acpi_id[0x64] high edge lint[0x1])
Sep 11 11:52:24 cu-cs-vm kernel: [    0.000000] ACPI: LAPIC_NMI (acpi_id[0x65] high edge lint[0x1])
Sep 11 11:52:24 cu-cs-vm kernel: [    0.000000] ACPI: LAPIC_NMI (acpi_id[0x66] high edge lint[0x1])
Sep 11 11:52:24 cu-cs-vm kernel: [    0.000000] ACPI: LAPIC_NMI (acpi_id[0x67] high edge lint[0x1])
Sep 11 11:52:24 cu-cs-vm kernel: [    0.000000] ACPI: LAPIC_NMI (acpi_id[0x68] high edge lint[0x1])
Sep 11 11:52:24 cu-cs-vm kernel: [    0.000000] ACPI: LAPIC_NMI (acpi_id[0x69] high edge lint[0x1])
Sep 11 11:52:24 cu-cs-vm kernel: [    0.000000] ACPI: LAPIC_NMI (acpi_id[0x6a] high edge lint[0x1])
Sep 11 11:52:24 cu-cs-vm kernel: [    0.000000] ACPI: LAPIC_NMI (acpi_id[0x6b] high edge lint[0x1])
Sep 11 11:52:24 cu-cs-vm kernel: [    0.000000] ACPI: LAPIC_NMI (acpi_id[0x6c] high edge lint[0x1])
Sep 11 11:52:24 cu-cs-vm kernel: [    0.000000] ACPI: LAPIC_NMI (acpi_id[0x6d] high edge lint[0x1])
Sep 11 11:52:24 cu-cs-vm kernel: [    0.000000] ACPI: LAPIC_NMI (acpi_id[0x6e] high edge lint[0x1])
Sep 11 11:52:24 cu-cs-vm kernel: [    0.000000] ACPI: LAPIC_NMI (acpi_id[0x6f] high edge lint[0x1])
Sep 11 11:52:24 cu-cs-vm kernel: [    0.000000] ACPI: LAPIC_NMI (acpi_id[0x70] high edge lint[0x1])
Sep 11 11:52:24 cu-cs-vm kernel: [    0.000000] ACPI: LAPIC_NMI (acpi_id[0x71] high edge lint[0x1])
Sep 11 11:52:24 cu-cs-vm kernel: [    0.000000] ACPI: LAPIC_NMI (acpi_id[0x72] high edge lint[0x1])
Sep 11 11:52:24 cu-cs-vm kernel: [    0.000000] ACPI: LAPIC_NMI (acpi_id[0x73] high edge lint[0x1])
Sep 11 11:52:24 cu-cs-vm kernel: [    0.000000] ACPI: LAPIC_NMI (acpi_id[0x74] high edge lint[0x1])
Sep 11 11:52:24 cu-cs-vm kernel: [    0.000000] ACPI: LAPIC_NMI (acpi_id[0x75] high edge lint[0x1])
Sep 11 11:52:24 cu-cs-vm kernel: [    0.000000] ACPI: LAPIC_NMI (acpi_id[0x76] high edge lint[0x1])
Sep 11 11:52:24 cu-cs-vm kernel: [    0.000000] ACPI: LAPIC_NMI (acpi_id[0x77] high edge lint[0x1])
Sep 11 11:52:24 cu-cs-vm kernel: [    0.000000] ACPI: LAPIC_NMI (acpi_id[0x78] high edge lint[0x1])
Sep 11 11:52:24 cu-cs-vm kernel: [    0.000000] ACPI: LAPIC_NMI (acpi_id[0x79] high edge lint[0x1])
Sep 11 11:52:24 cu-cs-vm kernel: [    0.000000] ACPI: LAPIC_NMI (acpi_id[0x7a] high edge lint[0x1])
Sep 11 11:52:24 cu-cs-vm kernel: [    0.000000] ACPI: LAPIC_NMI (acpi_id[0x7b] high edge lint[0x1])
Sep 11 11:52:24 cu-cs-vm kernel: [    0.000000] ACPI: LAPIC_NMI (acpi_id[0x7c] high edge lint[0x1])
Sep 11 11:52:24 cu-cs-vm kernel: [    0.000000] ACPI: LAPIC_NMI (acpi_id[0x7d] high edge lint[0x1])
Sep 11 11:52:24 cu-cs-vm kernel: [    0.000000] ACPI: LAPIC_NMI (acpi_id[0x7e] high edge lint[0x1])
Sep 11 11:52:24 cu-cs-vm kernel: [    0.000000] ACPI: LAPIC_NMI (acpi_id[0x7f] high edge lint[0x1])
Sep 11 11:52:24 cu-cs-vm kernel: [    0.000000] IOAPIC[0]: apic_id 1, version 17, address 0xfec00000, GSI 0-23
Sep 11 11:52:24 cu-cs-vm kernel: [    0.000000] ACPI: INT_SRC_OVR (bus 0 bus_irq 0 global_irq 2 high edge)
Sep 11 11:52:24 cu-cs-vm kernel: [    0.000000] ACPI: IRQ0 used by override.
Sep 11 11:52:24 cu-cs-vm kernel: [    0.000000] ACPI: IRQ9 used by override.
Sep 11 11:52:24 cu-cs-vm kernel: [    0.000000] Using ACPI (MADT) for SMP configuration information
Sep 11 11:52:24 cu-cs-vm kernel: [    0.000000] smpboot: Allowing 128 CPUs, 126 hotplug CPUs
Sep 11 11:52:24 cu-cs-vm kernel: [    0.000000] PM: Registered nosave memory: [mem 0x00000000-0x00000fff]
Sep 11 11:52:24 cu-cs-vm kernel: [    0.000000] PM: Registered nosave memory: [mem 0x0009e000-0x0009efff]
Sep 11 11:52:24 cu-cs-vm kernel: [    0.000000] PM: Registered nosave memory: [mem 0x0009f000-0x0009ffff]
Sep 11 11:52:24 cu-cs-vm kernel: [    0.000000] PM: Registered nosave memory: [mem 0x000a0000-0x000dbfff]
Sep 11 11:52:24 cu-cs-vm kernel: [    0.000000] PM: Registered nosave memory: [mem 0x000dc000-0x000fffff]
Sep 11 11:52:24 cu-cs-vm kernel: [    0.000000] PM: Registered nosave memory: [mem 0x7fee0000-0x7fefefff]
Sep 11 11:52:24 cu-cs-vm kernel: [    0.000000] PM: Registered nosave memory: [mem 0x7feff000-0x7fefffff]
Sep 11 11:52:24 cu-cs-vm kernel: [    0.000000] e820: [mem 0x80000000-0xefffffff] available for PCI devices
Sep 11 11:52:24 cu-cs-vm kernel: [    0.000000] Booting paravirtualized kernel on VMware hypervisor
Sep 11 11:52:24 cu-cs-vm kernel: [    0.000000] clocksource: refined-jiffies: mask: 0xffffffff max_cycles: 0xffffffff, max_idle_ns: 7645519600211568 ns
Sep 11 11:52:24 cu-cs-vm kernel: [    0.000000] random: get_random_bytes called from start_kernel+0x99/0x51d with crng_init=0
Sep 11 11:52:24 cu-cs-vm kernel: [    0.000000] setup_percpu: NR_CPUS:8192 nr_cpumask_bits:128 nr_cpu_ids:128 nr_node_ids:1
Sep 11 11:52:24 cu-cs-vm kernel: [    0.000000] percpu: Embedded 46 pages/cpu @        (ptrval) s151552 r8192 d28672 u262144
Sep 11 11:52:24 cu-cs-vm kernel: [    0.000000] pcpu-alloc: s151552 r8192 d28672 u262144 alloc=1*2097152
Sep 11 11:52:24 cu-cs-vm kernel: [    0.000000] pcpu-alloc: [0] 000 001 002 003 004 005 006 007 
Sep 11 11:52:24 cu-cs-vm kernel: [    0.000000] pcpu-alloc: [0] 008 009 010 011 012 013 014 015 
Sep 11 11:52:24 cu-cs-vm kernel: [    0.000000] pcpu-alloc: [0] 016 017 018 019 020 021 022 023 
Sep 11 11:52:24 cu-cs-vm kernel: [    0.000000] pcpu-alloc: [0] 024 025 026 027 028 029 030 031 
Sep 11 11:52:24 cu-cs-vm kernel: [    0.000000] pcpu-alloc: [0] 032 033 034 035 036 037 038 039 
Sep 11 11:52:24 cu-cs-vm kernel: [    0.000000] pcpu-alloc: [0] 040 041 042 043 044 045 046 047 
Sep 11 11:52:24 cu-cs-vm kernel: [    0.000000] pcpu-alloc: [0] 048 049 050 051 052 053 054 055 
Sep 11 11:52:24 cu-cs-vm kernel: [    0.000000] pcpu-alloc: [0] 056 057 058 059 060 061 062 063 
Sep 11 11:52:24 cu-cs-vm kernel: [    0.000000] pcpu-alloc: [0] 064 065 066 067 068 069 070 071 
Sep 11 11:52:24 cu-cs-vm kernel: [    0.000000] pcpu-alloc: [0] 072 073 074 075 076 077 078 079 
Sep 11 11:52:24 cu-cs-vm kernel: [    0.000000] pcpu-alloc: [0] 080 081 082 083 084 085 086 087 
Sep 11 11:52:24 cu-cs-vm kernel: [    0.000000] pcpu-alloc: [0] 088 089 090 091 092 093 094 095 
Sep 11 11:52:24 cu-cs-vm kernel: [    0.000000] pcpu-alloc: [0] 096 097 098 099 100 101 102 103 
Sep 11 11:52:24 cu-cs-vm kernel: [    0.000000] pcpu-alloc: [0] 104 105 106 107 108 109 110 111 
Sep 11 11:52:24 cu-cs-vm kernel: [    0.000000] pcpu-alloc: [0] 112 113 114 115 116 117 118 119 
Sep 11 11:52:24 cu-cs-vm kernel: [    0.000000] pcpu-alloc: [0] 120 121 122 123 124 125 126 127 
Sep 11 11:52:24 cu-cs-vm kernel: [    0.000000] Built 1 zonelists, mobility grouping on.  Total pages: 515944
Sep 11 11:52:24 cu-cs-vm kernel: [    0.000000] Policy zone: DMA32
Sep 11 11:52:24 cu-cs-vm kernel: [    0.000000] Kernel command line: BOOT_IMAGE=/boot/vmlinuz-4.15.18CSCI3753 root=UUID=a7adc8c1-e02a-478b-93ad-c06e060e0176 ro
Sep 11 11:52:24 cu-cs-vm kernel: [    0.000000] log_buf_len individual max cpu contribution: 4096 bytes
Sep 11 11:52:24 cu-cs-vm kernel: [    0.000000] log_buf_len total cpu_extra contributions: 520192 bytes
Sep 11 11:52:24 cu-cs-vm kernel: [    0.000000] log_buf_len min size: 262144 bytes
Sep 11 11:52:24 cu-cs-vm kernel: [    0.000000] log_buf_len: 1048576 bytes
Sep 11 11:52:24 cu-cs-vm kernel: [    0.000000] early log buf free: 236976(90%)
Sep 11 11:52:24 cu-cs-vm kernel: [    0.000000] Calgary: detecting Calgary via BIOS EBDA area
Sep 11 11:52:24 cu-cs-vm kernel: [    0.000000] Calgary: Unable to locate Rio Grande table in EBDA - bailing!
Sep 11 11:52:24 cu-cs-vm kernel: [    0.000000] Memory: 1987592K/2096628K available (12300K kernel code, 2349K rwdata, 4064K rodata, 2392K init, 2412K bss, 109036K reserved, 0K cma-reserved)
Sep 11 11:52:24 cu-cs-vm kernel: [    0.000000] SLUB: HWalign=64, Order=0-3, MinObjects=0, CPUs=128, Nodes=1
Sep 11 11:52:24 cu-cs-vm kernel: [    0.000000] Kernel/User page tables isolation: enabled
Sep 11 11:52:24 cu-cs-vm kernel: [    0.000000] ftrace: allocating 38255 entries in 150 pages
Sep 11 11:52:24 cu-cs-vm kernel: [    0.004000] Hierarchical RCU implementation.
Sep 11 11:52:24 cu-cs-vm kernel: [    0.004000] 	RCU restricting CPUs from NR_CPUS=8192 to nr_cpu_ids=128.
Sep 11 11:52:24 cu-cs-vm kernel: [    0.004000] RCU: Adjusting geometry for rcu_fanout_leaf=16, nr_cpu_ids=128
Sep 11 11:52:24 cu-cs-vm kernel: [    0.004000] NR_IRQS: 524544, nr_irqs: 1448, preallocated irqs: 16
Sep 11 11:52:24 cu-cs-vm kernel: [    0.004000] Console: colour VGA+ 80x25
Sep 11 11:52:24 cu-cs-vm kernel: [    0.004000] console [tty0] enabled
Sep 11 11:52:24 cu-cs-vm kernel: [    0.004000] ACPI: Core revision 20170831
Sep 11 11:52:24 cu-cs-vm kernel: [    0.004000] ACPI: 1 ACPI AML tables successfully acquired and loaded
Sep 11 11:52:24 cu-cs-vm kernel: [    0.004017] APIC: Switch to symmetric I/O mode setup
Sep 11 11:52:24 cu-cs-vm kernel: [    0.005629] x2apic enabled
Sep 11 11:52:24 cu-cs-vm kernel: [    0.006736] Switched APIC routing to physical x2apic.
Sep 11 11:52:24 cu-cs-vm kernel: [    0.009655] ..TIMER: vector=0x30 apic1=0 pin1=2 apic2=-1 pin2=-1
Sep 11 11:52:24 cu-cs-vm kernel: [    0.010087] tsc: Detected 2294.824 MHz processor
Sep 11 11:52:24 cu-cs-vm kernel: [    0.010372] Calibrating delay loop (skipped) preset value.. 4589.64 BogoMIPS (lpj=9179296)
Sep 11 11:52:24 cu-cs-vm kernel: [    0.010372] pid_max: default: 131072 minimum: 1024
Sep 11 11:52:24 cu-cs-vm kernel: [    0.010372] Security Framework initialized
Sep 11 11:52:24 cu-cs-vm kernel: [    0.010372] Yama: becoming mindful.
Sep 11 11:52:24 cu-cs-vm kernel: [    0.012143] AppArmor: AppArmor initialized
Sep 11 11:52:24 cu-cs-vm kernel: [    0.013405] Dentry cache hash table entries: 262144 (order: 9, 2097152 bytes)
Sep 11 11:52:24 cu-cs-vm kernel: [    0.014316] Inode-cache hash table entries: 131072 (order: 8, 1048576 bytes)
Sep 11 11:52:24 cu-cs-vm kernel: [    0.014797] Mount-cache hash table entries: 4096 (order: 3, 32768 bytes)
Sep 11 11:52:24 cu-cs-vm kernel: [    0.015193] Mountpoint-cache hash table entries: 4096 (order: 3, 32768 bytes)
Sep 11 11:52:24 cu-cs-vm kernel: [    0.015974] Disabled fast string operations
Sep 11 11:52:24 cu-cs-vm kernel: [    0.016019] ENERGY_PERF_BIAS: Set to 'normal', was 'performance'
Sep 11 11:52:24 cu-cs-vm kernel: [    0.016326] ENERGY_PERF_BIAS: View and update with x86_energy_perf_policy(8)
Sep 11 11:52:24 cu-cs-vm kernel: [    0.016716] mce: CPU supports 0 MCE banks
Sep 11 11:52:24 cu-cs-vm kernel: [    0.016937] Last level iTLB entries: 4KB 512, 2MB 8, 4MB 8
Sep 11 11:52:24 cu-cs-vm kernel: [    0.017218] Last level dTLB entries: 4KB 512, 2MB 32, 4MB 32, 1GB 0
Sep 11 11:52:24 cu-cs-vm kernel: [    0.017537] Spectre V2 : Mitigation: Full generic retpoline
Sep 11 11:52:24 cu-cs-vm kernel: [    0.017821] Speculative Store Bypass: Vulnerable
Sep 11 11:52:24 cu-cs-vm kernel: [    0.018175] Freeing SMP alternatives memory: 36K
Sep 11 11:52:24 cu-cs-vm kernel: [    0.020226] TSC deadline timer enabled
Sep 11 11:52:24 cu-cs-vm kernel: [    0.020239] smpboot: CPU0: Intel(R) Core(TM) i7-3615QM CPU @ 2.30GHz (family: 0x6, model: 0x3a, stepping: 0x9)
Sep 11 11:52:24 cu-cs-vm kernel: [    0.020812] Performance Events: IvyBridge events, core PMU driver.
Sep 11 11:52:24 cu-cs-vm kernel: [    0.021125] core: CPUID marked event: 'cpu cycles' unavailable
Sep 11 11:52:24 cu-cs-vm kernel: [    0.021387] core: CPUID marked event: 'instructions' unavailable
Sep 11 11:52:24 cu-cs-vm kernel: [    0.021657] core: CPUID marked event: 'bus cycles' unavailable
Sep 11 11:52:24 cu-cs-vm kernel: [    0.021919] core: CPUID marked event: 'cache references' unavailable
Sep 11 11:52:24 cu-cs-vm kernel: [    0.022217] core: CPUID marked event: 'cache misses' unavailable
Sep 11 11:52:24 cu-cs-vm kernel: [    0.022489] core: CPUID marked event: 'branch instructions' unavailable
Sep 11 11:52:24 cu-cs-vm kernel: [    0.022817] core: CPUID marked event: 'branch misses' unavailable
Sep 11 11:52:24 cu-cs-vm kernel: [    0.023090] ... version:                1
Sep 11 11:52:24 cu-cs-vm kernel: [    0.023270] ... bit width:              48
Sep 11 11:52:24 cu-cs-vm kernel: [    0.023459] ... generic registers:      4
Sep 11 11:52:24 cu-cs-vm kernel: [    0.023633] ... value mask:             0000ffffffffffff
Sep 11 11:52:24 cu-cs-vm kernel: [    0.023899] ... max period:             000000007fffffff
Sep 11 11:52:24 cu-cs-vm kernel: [    0.024000] ... fixed-purpose events:   0
Sep 11 11:52:24 cu-cs-vm kernel: [    0.024005] ... event mask:             000000000000000f
Sep 11 11:52:24 cu-cs-vm kernel: [    0.024371] Hierarchical SRCU implementation.
Sep 11 11:52:24 cu-cs-vm kernel: [    0.025255] NMI watchdog: Perf event create on CPU 0 failed with -2
Sep 11 11:52:24 cu-cs-vm kernel: [    0.025576] NMI watchdog: Perf NMI watchdog permanently disabled
Sep 11 11:52:24 cu-cs-vm kernel: [    0.027405] smp: Bringing up secondary CPUs ...
Sep 11 11:52:24 cu-cs-vm kernel: [    0.027836] x86: Booting SMP configuration:
Sep 11 11:52:24 cu-cs-vm kernel: [    0.028009] .... node  #0, CPUs:          #1
Sep 11 11:52:24 cu-cs-vm kernel: [    0.004000] Disabled fast string operations
Sep 11 11:52:24 cu-cs-vm kernel: [    0.004000] mce: CPU supports 0 MCE banks
Sep 11 11:52:24 cu-cs-vm kernel: [    0.004000] smpboot: CPU 1 Converting physical 2 to logical package 1
Sep 11 11:52:24 cu-cs-vm kernel: [    0.029452] smp: Brought up 1 node, 2 CPUs
Sep 11 11:52:24 cu-cs-vm kernel: [    0.029452] smpboot: Max logical packages: 128
Sep 11 11:52:24 cu-cs-vm kernel: [    0.029452] smpboot: Total of 2 processors activated (9179.29 BogoMIPS)
Sep 11 11:52:24 cu-cs-vm kernel: [    0.029452] devtmpfs: initialized
Sep 11 11:52:24 cu-cs-vm kernel: [    0.029452] x86/mm: Memory block size: 128MB
Sep 11 11:52:24 cu-cs-vm kernel: [    0.029452] evm: security.selinux
Sep 11 11:52:24 cu-cs-vm kernel: [    0.029452] evm: security.SMACK64
Sep 11 11:52:24 cu-cs-vm kernel: [    0.029452] evm: security.SMACK64EXEC
Sep 11 11:52:24 cu-cs-vm kernel: [    0.029452] evm: security.SMACK64TRANSMUTE
Sep 11 11:52:24 cu-cs-vm kernel: [    0.029452] evm: security.SMACK64MMAP
Sep 11 11:52:24 cu-cs-vm kernel: [    0.029452] evm: security.apparmor
Sep 11 11:52:24 cu-cs-vm kernel: [    0.029452] evm: security.ima
Sep 11 11:52:24 cu-cs-vm kernel: [    0.029452] evm: security.capability
Sep 11 11:52:24 cu-cs-vm kernel: [    0.029452] PM: Registering ACPI NVS region [mem 0x7feff000-0x7fefffff] (4096 bytes)
Sep 11 11:52:24 cu-cs-vm kernel: [    0.032080] clocksource: jiffies: mask: 0xffffffff max_cycles: 0xffffffff, max_idle_ns: 7645041785100000 ns
Sep 11 11:52:24 cu-cs-vm kernel: [    0.032216] futex hash table entries: 32768 (order: 9, 2097152 bytes)
Sep 11 11:52:24 cu-cs-vm kernel: [    0.032969] pinctrl core: initialized pinctrl subsystem
Sep 11 11:52:24 cu-cs-vm kernel: [    0.033244] RTC time: 17:52:20, date: 09/11/18
Sep 11 11:52:24 cu-cs-vm kernel: [    0.033381] NET: Registered protocol family 16
Sep 11 11:52:24 cu-cs-vm kernel: [    0.033485] audit: initializing netlink subsys (disabled)
Sep 11 11:52:24 cu-cs-vm kernel: [    0.033575] audit: type=2000 audit(1536688340.032:1): state=initialized audit_enabled=0 res=1
Sep 11 11:52:24 cu-cs-vm kernel: [    0.033575] cpuidle: using governor ladder
Sep 11 11:52:24 cu-cs-vm kernel: [    0.033575] cpuidle: using governor menu
Sep 11 11:52:24 cu-cs-vm kernel: [    0.033575] Simple Boot Flag at 0x36 set to 0x80
Sep 11 11:52:24 cu-cs-vm kernel: [    0.033575] ACPI: bus type PCI registered
Sep 11 11:52:24 cu-cs-vm kernel: [    0.033575] acpiphp: ACPI Hot Plug PCI Controller Driver version: 0.5
Sep 11 11:52:24 cu-cs-vm kernel: [    0.033575] PCI: MMCONFIG for domain 0000 [bus 00-7f] at [mem 0xf0000000-0xf7ffffff] (base 0xf0000000)
Sep 11 11:52:24 cu-cs-vm kernel: [    0.033575] PCI: MMCONFIG at [mem 0xf0000000-0xf7ffffff] reserved in E820
Sep 11 11:52:24 cu-cs-vm kernel: [    0.033575] PCI: Using configuration type 1 for base access
Sep 11 11:52:24 cu-cs-vm kernel: [    0.033575] core: PMU erratum BJ122, BV98, HSD29 workaround disabled, HT off
Sep 11 11:52:24 cu-cs-vm kernel: [    0.036083] HugeTLB registered 2.00 MiB page size, pre-allocated 0 pages
Sep 11 11:52:24 cu-cs-vm kernel: [    0.036384] ACPI: Added _OSI(Module Device)
Sep 11 11:52:24 cu-cs-vm kernel: [    0.036430] ACPI: Added _OSI(Processor Device)
Sep 11 11:52:24 cu-cs-vm kernel: [    0.036471] ACPI: Added _OSI(3.0 _SCP Extensions)
Sep 11 11:52:24 cu-cs-vm kernel: [    0.036513] ACPI: Added _OSI(Processor Aggregator Device)
Sep 11 11:52:24 cu-cs-vm kernel: [    0.036559] ACPI: Added _OSI(Linux-Dell-Video)
Sep 11 11:52:24 cu-cs-vm kernel: [    0.044106] ACPI: [Firmware Bug]: BIOS _OSI(Linux) query ignored
Sep 11 11:52:24 cu-cs-vm kernel: [    0.072508] ACPI: Interpreter enabled
Sep 11 11:52:24 cu-cs-vm kernel: [    0.072568] ACPI: (supports S0 S1 S4 S5)
Sep 11 11:52:24 cu-cs-vm kernel: [    0.072606] ACPI: Using IOAPIC for interrupt routing
Sep 11 11:52:24 cu-cs-vm kernel: [    0.072687] PCI: Using host bridge windows from ACPI; if necessary, use "pci=nocrs" and report a bug
Sep 11 11:52:24 cu-cs-vm kernel: [    0.073547] ACPI: Enabled 4 GPEs in block 00 to 0F
Sep 11 11:52:24 cu-cs-vm kernel: [    0.165503] ACPI: PCI Root Bridge [PCI0] (domain 0000 [bus 00-7f])
Sep 11 11:52:24 cu-cs-vm kernel: [    0.165572] acpi PNP0A03:00: _OSC: OS supports [ExtendedConfig ASPM ClockPM Segments MSI]
Sep 11 11:52:24 cu-cs-vm kernel: [    0.165943] acpi PNP0A03:00: _OSC: platform does not support [AER]
Sep 11 11:52:24 cu-cs-vm kernel: [    0.166301] acpi PNP0A03:00: _OSC: OS now controls [PCIeHotplug PME PCIeCapability]
Sep 11 11:52:24 cu-cs-vm kernel: [    0.169341] PCI host bridge to bus 0000:00
Sep 11 11:52:24 cu-cs-vm kernel: [    0.169394] pci_bus 0000:00: root bus resource [mem 0x000a0000-0x000bffff window]
Sep 11 11:52:24 cu-cs-vm kernel: [    0.169458] pci_bus 0000:00: root bus resource [mem 0x000cc000-0x000cffff window]
Sep 11 11:52:24 cu-cs-vm kernel: [    0.169522] pci_bus 0000:00: root bus resource [mem 0x000d0000-0x000d3fff window]
Sep 11 11:52:24 cu-cs-vm kernel: [    0.169584] pci_bus 0000:00: root bus resource [mem 0x000d4000-0x000d7fff window]
Sep 11 11:52:24 cu-cs-vm kernel: [    0.169646] pci_bus 0000:00: root bus resource [mem 0x000d8000-0x000dbfff window]
Sep 11 11:52:24 cu-cs-vm kernel: [    0.169709] pci_bus 0000:00: root bus resource [mem 0xc0000000-0xfebfffff window]
Sep 11 11:52:24 cu-cs-vm kernel: [    0.169772] pci_bus 0000:00: root bus resource [io  0x0000-0x0cf7 window]
Sep 11 11:52:24 cu-cs-vm kernel: [    0.169827] pci_bus 0000:00: root bus resource [io  0x0d00-0xfeff window]
Sep 11 11:52:24 cu-cs-vm kernel: [    0.169883] pci_bus 0000:00: root bus resource [bus 00-7f]
Sep 11 11:52:24 cu-cs-vm kernel: [    0.170009] pci 0000:00:00.0: [8086:7190] type 00 class 0x060000
Sep 11 11:52:24 cu-cs-vm kernel: [    0.170925] pci 0000:00:01.0: [8086:7191] type 01 class 0x060400
Sep 11 11:52:24 cu-cs-vm kernel: [    0.171633] pci 0000:00:07.0: [8086:7110] type 00 class 0x060100
Sep 11 11:52:24 cu-cs-vm kernel: [    0.172617] pci 0000:00:07.1: [8086:7111] type 00 class 0x01018a
Sep 11 11:52:24 cu-cs-vm kernel: [    0.174732] pci 0000:00:07.1: reg 0x20: [io  0x1060-0x106f]
Sep 11 11:52:24 cu-cs-vm kernel: [    0.175547] pci 0000:00:07.1: legacy IDE quirk: reg 0x10: [io  0x01f0-0x01f7]
Sep 11 11:52:24 cu-cs-vm kernel: [    0.175612] pci 0000:00:07.1: legacy IDE quirk: reg 0x14: [io  0x03f6]
Sep 11 11:52:24 cu-cs-vm kernel: [    0.175665] pci 0000:00:07.1: legacy IDE quirk: reg 0x18: [io  0x0170-0x0177]
Sep 11 11:52:24 cu-cs-vm kernel: [    0.175723] pci 0000:00:07.1: legacy IDE quirk: reg 0x1c: [io  0x0376]
Sep 11 11:52:24 cu-cs-vm kernel: [    0.176081] pci 0000:00:07.3: [8086:7113] type 00 class 0x068000
Sep 11 11:52:24 cu-cs-vm kernel: [    0.178554] pci 0000:00:07.3: quirk: [io  0x1000-0x103f] claimed by PIIX4 ACPI
Sep 11 11:52:24 cu-cs-vm kernel: [    0.178633] pci 0000:00:07.3: quirk: [io  0x1040-0x104f] claimed by PIIX4 SMB
Sep 11 11:52:24 cu-cs-vm kernel: [    0.179103] pci 0000:00:07.7: [15ad:0740] type 00 class 0x088000
Sep 11 11:52:24 cu-cs-vm kernel: [    0.180005] pci 0000:00:07.7: reg 0x10: [io  0x1080-0x10bf]
Sep 11 11:52:24 cu-cs-vm kernel: [    0.180918] pci 0000:00:07.7: reg 0x14: [mem 0xfebfe000-0xfebfffff 64bit]
Sep 11 11:52:24 cu-cs-vm kernel: [    0.184702] pci 0000:00:0f.0: [15ad:0405] type 00 class 0x030000
Sep 11 11:52:24 cu-cs-vm kernel: [    0.187363] pci 0000:00:0f.0: reg 0x10: [io  0x1070-0x107f]
Sep 11 11:52:24 cu-cs-vm kernel: [    0.189007] pci 0000:00:0f.0: reg 0x14: [mem 0xe8000000-0xefffffff pref]
Sep 11 11:52:24 cu-cs-vm kernel: [    0.191222] pci 0000:00:0f.0: reg 0x18: [mem 0xfe000000-0xfe7fffff]
Sep 11 11:52:24 cu-cs-vm kernel: [    0.199123] pci 0000:00:0f.0: reg 0x30: [mem 0x00000000-0x00007fff pref]
Sep 11 11:52:24 cu-cs-vm kernel: [    0.199712] pci 0000:00:10.0: [1000:0030] type 00 class 0x010000
Sep 11 11:52:24 cu-cs-vm kernel: [    0.200614] pci 0000:00:10.0: reg 0x10: [io  0x1400-0x14ff]
Sep 11 11:52:24 cu-cs-vm kernel: [    0.201827] pci 0000:00:10.0: reg 0x14: [mem 0xfeba0000-0xfebbffff 64bit]
Sep 11 11:52:24 cu-cs-vm kernel: [    0.203091] pci 0000:00:10.0: reg 0x1c: [mem 0xfebc0000-0xfebdffff 64bit]
Sep 11 11:52:24 cu-cs-vm kernel: [    0.205203] pci 0000:00:10.0: reg 0x30: [mem 0x00000000-0x00003fff pref]
Sep 11 11:52:24 cu-cs-vm kernel: [    0.205691] pci 0000:00:11.0: [15ad:0790] type 01 class 0x060401
Sep 11 11:52:24 cu-cs-vm kernel: [    0.206642] pci 0000:00:15.0: [15ad:07a0] type 01 class 0x060400
Sep 11 11:52:24 cu-cs-vm kernel: [    0.207573] pci 0000:00:15.0: PME# supported from D0 D3hot D3cold
Sep 11 11:52:24 cu-cs-vm kernel: [    0.207968] pci 0000:00:15.1: [15ad:07a0] type 01 class 0x060400
Sep 11 11:52:24 cu-cs-vm kernel: [    0.208898] pci 0000:00:15.1: PME# supported from D0 D3hot D3cold
Sep 11 11:52:24 cu-cs-vm kernel: [    0.209281] pci 0000:00:15.2: [15ad:07a0] type 01 class 0x060400
Sep 11 11:52:24 cu-cs-vm kernel: [    0.210179] pci 0000:00:15.2: PME# supported from D0 D3hot D3cold
Sep 11 11:52:24 cu-cs-vm kernel: [    0.210631] pci 0000:00:15.3: [15ad:07a0] type 01 class 0x060400
Sep 11 11:52:24 cu-cs-vm kernel: [    0.211552] pci 0000:00:15.3: PME# supported from D0 D3hot D3cold
Sep 11 11:52:24 cu-cs-vm kernel: [    0.211945] pci 0000:00:15.4: [15ad:07a0] type 01 class 0x060400
Sep 11 11:52:24 cu-cs-vm kernel: [    0.212873] pci 0000:00:15.4: PME# supported from D0 D3hot D3cold
Sep 11 11:52:24 cu-cs-vm kernel: [    0.213269] pci 0000:00:15.5: [15ad:07a0] type 01 class 0x060400
Sep 11 11:52:24 cu-cs-vm kernel: [    0.214198] pci 0000:00:15.5: PME# supported from D0 D3hot D3cold
Sep 11 11:52:24 cu-cs-vm kernel: [    0.214598] pci 0000:00:15.6: [15ad:07a0] type 01 class 0x060400
Sep 11 11:52:24 cu-cs-vm kernel: [    0.215498] pci 0000:00:15.6: PME# supported from D0 D3hot D3cold
Sep 11 11:52:24 cu-cs-vm kernel: [    0.215878] pci 0000:00:15.7: [15ad:07a0] type 01 class 0x060400
Sep 11 11:52:24 cu-cs-vm kernel: [    0.216811] pci 0000:00:15.7: PME# supported from D0 D3hot D3cold
Sep 11 11:52:24 cu-cs-vm kernel: [    0.217182] pci 0000:00:16.0: [15ad:07a0] type 01 class 0x060400
Sep 11 11:52:24 cu-cs-vm kernel: [    0.218065] pci 0000:00:16.0: PME# supported from D0 D3hot D3cold
Sep 11 11:52:24 cu-cs-vm kernel: [    0.218446] pci 0000:00:16.1: [15ad:07a0] type 01 class 0x060400
Sep 11 11:52:24 cu-cs-vm kernel: [    0.219345] pci 0000:00:16.1: PME# supported from D0 D3hot D3cold
Sep 11 11:52:24 cu-cs-vm kernel: [    0.219725] pci 0000:00:16.2: [15ad:07a0] type 01 class 0x060400
Sep 11 11:52:24 cu-cs-vm kernel: [    0.220653] pci 0000:00:16.2: PME# supported from D0 D3hot D3cold
Sep 11 11:52:24 cu-cs-vm kernel: [    0.221177] pci 0000:00:16.3: [15ad:07a0] type 01 class 0x060400
Sep 11 11:52:24 cu-cs-vm kernel: [    0.222175] pci 0000:00:16.3: PME# supported from D0 D3hot D3cold
Sep 11 11:52:24 cu-cs-vm kernel: [    0.222595] pci 0000:00:16.4: [15ad:07a0] type 01 class 0x060400
Sep 11 11:52:24 cu-cs-vm kernel: [    0.223562] pci 0000:00:16.4: PME# supported from D0 D3hot D3cold
Sep 11 11:52:24 cu-cs-vm kernel: [    0.223967] pci 0000:00:16.5: [15ad:07a0] type 01 class 0x060400
Sep 11 11:52:24 cu-cs-vm kernel: [    0.224927] pci 0000:00:16.5: PME# supported from D0 D3hot D3cold
Sep 11 11:52:24 cu-cs-vm kernel: [    0.225334] pci 0000:00:16.6: [15ad:07a0] type 01 class 0x060400
Sep 11 11:52:24 cu-cs-vm kernel: [    0.226291] pci 0000:00:16.6: PME# supported from D0 D3hot D3cold
Sep 11 11:52:24 cu-cs-vm kernel: [    0.226697] pci 0000:00:16.7: [15ad:07a0] type 01 class 0x060400
Sep 11 11:52:24 cu-cs-vm kernel: [    0.227596] pci 0000:00:16.7: PME# supported from D0 D3hot D3cold
Sep 11 11:52:24 cu-cs-vm kernel: [    0.227973] pci 0000:00:17.0: [15ad:07a0] type 01 class 0x060400
Sep 11 11:52:24 cu-cs-vm kernel: [    0.228870] pci 0000:00:17.0: PME# supported from D0 D3hot D3cold
Sep 11 11:52:24 cu-cs-vm kernel: [    0.229251] pci 0000:00:17.1: [15ad:07a0] type 01 class 0x060400
Sep 11 11:52:24 cu-cs-vm kernel: [    0.230170] pci 0000:00:17.1: PME# supported from D0 D3hot D3cold
Sep 11 11:52:24 cu-cs-vm kernel: [    0.230550] pci 0000:00:17.2: [15ad:07a0] type 01 class 0x060400
Sep 11 11:52:24 cu-cs-vm kernel: [    0.231448] pci 0000:00:17.2: PME# supported from D0 D3hot D3cold
Sep 11 11:52:24 cu-cs-vm kernel: [    0.231835] pci 0000:00:17.3: [15ad:07a0] type 01 class 0x060400
Sep 11 11:52:24 cu-cs-vm kernel: [    0.232730] pci 0000:00:17.3: PME# supported from D0 D3hot D3cold
Sep 11 11:52:24 cu-cs-vm kernel: [    0.233111] pci 0000:00:17.4: [15ad:07a0] type 01 class 0x060400
Sep 11 11:52:24 cu-cs-vm kernel: [    0.234030] pci 0000:00:17.4: PME# supported from D0 D3hot D3cold
Sep 11 11:52:24 cu-cs-vm kernel: [    0.234410] pci 0000:00:17.5: [15ad:07a0] type 01 class 0x060400
Sep 11 11:52:24 cu-cs-vm kernel: [    0.235308] pci 0000:00:17.5: PME# supported from D0 D3hot D3cold
Sep 11 11:52:24 cu-cs-vm kernel: [    0.235689] pci 0000:00:17.6: [15ad:07a0] type 01 class 0x060400
Sep 11 11:52:24 cu-cs-vm kernel: [    0.236574] pci 0000:00:17.6: PME# supported from D0 D3hot D3cold
Sep 11 11:52:24 cu-cs-vm kernel: [    0.236946] pci 0000:00:17.7: [15ad:07a0] type 01 class 0x060400
Sep 11 11:52:24 cu-cs-vm kernel: [    0.237829] pci 0000:00:17.7: PME# supported from D0 D3hot D3cold
Sep 11 11:52:24 cu-cs-vm kernel: [    0.238210] pci 0000:00:18.0: [15ad:07a0] type 01 class 0x060400
Sep 11 11:52:24 cu-cs-vm kernel: [    0.239206] pci 0000:00:18.0: PME# supported from D0 D3hot D3cold
Sep 11 11:52:24 cu-cs-vm kernel: [    0.239615] pci 0000:00:18.1: [15ad:07a0] type 01 class 0x060400
Sep 11 11:52:24 cu-cs-vm kernel: [    0.240573] pci 0000:00:18.1: PME# supported from D0 D3hot D3cold
Sep 11 11:52:24 cu-cs-vm kernel: [    0.240981] pci 0000:00:18.2: [15ad:07a0] type 01 class 0x060400
Sep 11 11:52:24 cu-cs-vm kernel: [    0.241937] pci 0000:00:18.2: PME# supported from D0 D3hot D3cold
Sep 11 11:52:24 cu-cs-vm kernel: [    0.242351] pci 0000:00:18.3: [15ad:07a0] type 01 class 0x060400
Sep 11 11:52:24 cu-cs-vm kernel: [    0.243295] pci 0000:00:18.3: PME# supported from D0 D3hot D3cold
Sep 11 11:52:24 cu-cs-vm kernel: [    0.243678] pci 0000:00:18.4: [15ad:07a0] type 01 class 0x060400
Sep 11 11:52:24 cu-cs-vm kernel: [    0.244573] pci 0000:00:18.4: PME# supported from D0 D3hot D3cold
Sep 11 11:52:24 cu-cs-vm kernel: [    0.244954] pci 0000:00:18.5: [15ad:07a0] type 01 class 0x060400
Sep 11 11:52:24 cu-cs-vm kernel: [    0.245855] pci 0000:00:18.5: PME# supported from D0 D3hot D3cold
Sep 11 11:52:24 cu-cs-vm kernel: [    0.246236] pci 0000:00:18.6: [15ad:07a0] type 01 class 0x060400
Sep 11 11:52:24 cu-cs-vm kernel: [    0.247137] pci 0000:00:18.6: PME# supported from D0 D3hot D3cold
Sep 11 11:52:24 cu-cs-vm kernel: [    0.247535] pci 0000:00:18.7: [15ad:07a0] type 01 class 0x060400
Sep 11 11:52:24 cu-cs-vm kernel: [    0.248427] pci 0000:00:18.7: PME# supported from D0 D3hot D3cold
Sep 11 11:52:24 cu-cs-vm kernel: [    0.249251] pci 0000:00:01.0: PCI bridge to [bus 01]
Sep 11 11:52:24 cu-cs-vm kernel: [    0.249832] acpiphp: Slot [32] registered
Sep 11 11:52:24 cu-cs-vm kernel: [    0.249932] acpiphp: Slot [33] registered
Sep 11 11:52:24 cu-cs-vm kernel: [    0.250024] acpiphp: Slot [34] registered
Sep 11 11:52:24 cu-cs-vm kernel: [    0.250115] acpiphp: Slot [35] registered
Sep 11 11:52:24 cu-cs-vm kernel: [    0.250205] acpiphp: Slot [36] registered
Sep 11 11:52:24 cu-cs-vm kernel: [    0.250300] acpiphp: Slot [37] registered
Sep 11 11:52:24 cu-cs-vm kernel: [    0.250391] acpiphp: Slot [38] registered
Sep 11 11:52:24 cu-cs-vm kernel: [    0.250492] acpiphp: Slot [39] registered
Sep 11 11:52:24 cu-cs-vm kernel: [    0.250592] acpiphp: Slot [40] registered
Sep 11 11:52:24 cu-cs-vm kernel: [    0.250700] acpiphp: Slot [41] registered
Sep 11 11:52:24 cu-cs-vm kernel: [    0.250806] acpiphp: Slot [42] registered
Sep 11 11:52:24 cu-cs-vm kernel: [    0.250895] acpiphp: Slot [43] registered
Sep 11 11:52:24 cu-cs-vm kernel: [    0.250984] acpiphp: Slot [44] registered
Sep 11 11:52:24 cu-cs-vm kernel: [    0.251078] acpiphp: Slot [45] registered
Sep 11 11:52:24 cu-cs-vm kernel: [    0.251167] acpiphp: Slot [46] registered
Sep 11 11:52:24 cu-cs-vm kernel: [    0.251257] acpiphp: Slot [47] registered
Sep 11 11:52:24 cu-cs-vm kernel: [    0.251346] acpiphp: Slot [48] registered
Sep 11 11:52:24 cu-cs-vm kernel: [    0.251440] acpiphp: Slot [49] registered
Sep 11 11:52:24 cu-cs-vm kernel: [    0.251529] acpiphp: Slot [50] registered
Sep 11 11:52:24 cu-cs-vm kernel: [    0.251619] acpiphp: Slot [51] registered
Sep 11 11:52:24 cu-cs-vm kernel: [    0.251708] acpiphp: Slot [52] registered
Sep 11 11:52:24 cu-cs-vm kernel: [    0.251798] acpiphp: Slot [53] registered
Sep 11 11:52:24 cu-cs-vm kernel: [    0.251887] acpiphp: Slot [54] registered
Sep 11 11:52:24 cu-cs-vm kernel: [    0.251976] acpiphp: Slot [55] registered
Sep 11 11:52:24 cu-cs-vm kernel: [    0.252056] acpiphp: Slot [56] registered
Sep 11 11:52:24 cu-cs-vm kernel: [    0.252146] acpiphp: Slot [57] registered
Sep 11 11:52:24 cu-cs-vm kernel: [    0.252236] acpiphp: Slot [58] registered
Sep 11 11:52:24 cu-cs-vm kernel: [    0.252326] acpiphp: Slot [59] registered
Sep 11 11:52:24 cu-cs-vm kernel: [    0.252416] acpiphp: Slot [60] registered
Sep 11 11:52:24 cu-cs-vm kernel: [    0.252509] acpiphp: Slot [61] registered
Sep 11 11:52:24 cu-cs-vm kernel: [    0.252599] acpiphp: Slot [62] registered
Sep 11 11:52:24 cu-cs-vm kernel: [    0.252688] acpiphp: Slot [63] registered
Sep 11 11:52:24 cu-cs-vm kernel: [    0.252819] pci 0000:02:00.0: [15ad:0774] type 00 class 0x0c0300
Sep 11 11:52:24 cu-cs-vm kernel: [    0.254928] pci 0000:02:00.0: reg 0x20: [io  0x2080-0x209f]
Sep 11 11:52:24 cu-cs-vm kernel: [    0.256769] pci 0000:02:01.0: [1274:1371] type 00 class 0x040100
Sep 11 11:52:24 cu-cs-vm kernel: [    0.257557] pci 0000:02:01.0: reg 0x10: [io  0x2000-0x203f]
Sep 11 11:52:24 cu-cs-vm kernel: [    0.261611] pci 0000:02:02.0: [8086:100f] type 00 class 0x020000
Sep 11 11:52:24 cu-cs-vm kernel: [    0.263596] pci 0000:02:02.0: reg 0x10: [mem 0xfd5c0000-0xfd5dffff 64bit]
Sep 11 11:52:24 cu-cs-vm kernel: [    0.264919] pci 0000:02:02.0: reg 0x18: [mem 0xfdff0000-0xfdffffff 64bit]
Sep 11 11:52:24 cu-cs-vm kernel: [    0.266462] pci 0000:02:02.0: reg 0x20: [io  0x2040-0x207f]
Sep 11 11:52:24 cu-cs-vm kernel: [    0.268671] pci 0000:02:02.0: reg 0x30: [mem 0x00000000-0x0000ffff pref]
Sep 11 11:52:24 cu-cs-vm kernel: [    0.269091] pci 0000:02:02.0: PME# supported from D0 D3hot D3cold
Sep 11 11:52:24 cu-cs-vm kernel: [    0.269429] pci 0000:02:03.0: [15ad:0770] type 00 class 0x0c0320
Sep 11 11:52:24 cu-cs-vm kernel: [    0.270197] pci 0000:02:03.0: reg 0x10: [mem 0xfd5ef000-0xfd5effff]
Sep 11 11:52:24 cu-cs-vm kernel: [    0.274060] pci 0000:02:05.0: [15ad:07e0] type 00 class 0x010601
Sep 11 11:52:24 cu-cs-vm kernel: [    0.277368] pci 0000:02:05.0: reg 0x24: [mem 0xfd5ee000-0xfd5eefff]
Sep 11 11:52:24 cu-cs-vm kernel: [    0.277890] pci 0000:02:05.0: reg 0x30: [mem 0x00000000-0x0000ffff pref]
Sep 11 11:52:24 cu-cs-vm kernel: [    0.278382] pci 0000:02:05.0: PME# supported from D3hot
Sep 11 11:52:24 cu-cs-vm kernel: [    0.278928] pci 0000:00:11.0: PCI bridge to [bus 02] (subtractive decode)
Sep 11 11:52:24 cu-cs-vm kernel: [    0.279019] pci 0000:00:11.0:   bridge window [io  0x2000-0x3fff]
Sep 11 11:52:24 cu-cs-vm kernel: [    0.279045] pci 0000:00:11.0:   bridge window [mem 0xfd500000-0xfdffffff]
Sep 11 11:52:24 cu-cs-vm kernel: [    0.279093] pci 0000:00:11.0:   bridge window [mem 0xe7b00000-0xe7ffffff 64bit pref]
Sep 11 11:52:24 cu-cs-vm kernel: [    0.279095] pci 0000:00:11.0:   bridge window [mem 0x000a0000-0x000bffff window] (subtractive decode)
Sep 11 11:52:24 cu-cs-vm kernel: [    0.279096] pci 0000:00:11.0:   bridge window [mem 0x000cc000-0x000cffff window] (subtractive decode)
Sep 11 11:52:24 cu-cs-vm kernel: [    0.279098] pci 0000:00:11.0:   bridge window [mem 0x000d0000-0x000d3fff window] (subtractive decode)
Sep 11 11:52:24 cu-cs-vm kernel: [    0.279099] pci 0000:00:11.0:   bridge window [mem 0x000d4000-0x000d7fff window] (subtractive decode)
Sep 11 11:52:24 cu-cs-vm kernel: [    0.279100] pci 0000:00:11.0:   bridge window [mem 0x000d8000-0x000dbfff window] (subtractive decode)
Sep 11 11:52:24 cu-cs-vm kernel: [    0.279101] pci 0000:00:11.0:   bridge window [mem 0xc0000000-0xfebfffff window] (subtractive decode)
Sep 11 11:52:24 cu-cs-vm kernel: [    0.279102] pci 0000:00:11.0:   bridge window [io  0x0000-0x0cf7 window] (subtractive decode)
Sep 11 11:52:24 cu-cs-vm kernel: [    0.279103] pci 0000:00:11.0:   bridge window [io  0x0d00-0xfeff window] (subtractive decode)
Sep 11 11:52:24 cu-cs-vm kernel: [    0.279510] pci 0000:00:15.0: PCI bridge to [bus 03]
Sep 11 11:52:24 cu-cs-vm kernel: [    0.279580] pci 0000:00:15.0:   bridge window [io  0x4000-0x4fff]
Sep 11 11:52:24 cu-cs-vm kernel: [    0.279605] pci 0000:00:15.0:   bridge window [mem 0xfd400000-0xfd4fffff]
Sep 11 11:52:24 cu-cs-vm kernel: [    0.279662] pci 0000:00:15.0:   bridge window [mem 0xe7a00000-0xe7afffff 64bit pref]
Sep 11 11:52:24 cu-cs-vm kernel: [    0.280063] pci 0000:00:15.1: PCI bridge to [bus 04]
Sep 11 11:52:24 cu-cs-vm kernel: [    0.280151] pci 0000:00:15.1:   bridge window [io  0x8000-0x8fff]
Sep 11 11:52:24 cu-cs-vm kernel: [    0.280181] pci 0000:00:15.1:   bridge window [mem 0xfd000000-0xfd0fffff]
Sep 11 11:52:24 cu-cs-vm kernel: [    0.280249] pci 0000:00:15.1:   bridge window [mem 0xe7600000-0xe76fffff 64bit pref]
Sep 11 11:52:24 cu-cs-vm kernel: [    0.280701] pci 0000:00:15.2: PCI bridge to [bus 05]
Sep 11 11:52:24 cu-cs-vm kernel: [    0.280781] pci 0000:00:15.2:   bridge window [io  0xc000-0xcfff]
Sep 11 11:52:24 cu-cs-vm kernel: [    0.280811] pci 0000:00:15.2:   bridge window [mem 0xfcc00000-0xfccfffff]
Sep 11 11:52:24 cu-cs-vm kernel: [    0.280867] pci 0000:00:15.2:   bridge window [mem 0xe7200000-0xe72fffff 64bit pref]
Sep 11 11:52:24 cu-cs-vm kernel: [    0.281280] pci 0000:00:15.3: PCI bridge to [bus 06]
Sep 11 11:52:24 cu-cs-vm kernel: [    0.281370] pci 0000:00:15.3:   bridge window [mem 0xfc800000-0xfc8fffff]
Sep 11 11:52:24 cu-cs-vm kernel: [    0.281418] pci 0000:00:15.3:   bridge window [mem 0xe6e00000-0xe6efffff 64bit pref]
Sep 11 11:52:24 cu-cs-vm kernel: [    0.281782] pci 0000:00:15.4: PCI bridge to [bus 07]
Sep 11 11:52:24 cu-cs-vm kernel: [    0.281872] pci 0000:00:15.4:   bridge window [mem 0xfc400000-0xfc4fffff]
Sep 11 11:52:24 cu-cs-vm kernel: [    0.281920] pci 0000:00:15.4:   bridge window [mem 0xe6a00000-0xe6afffff 64bit pref]
Sep 11 11:52:24 cu-cs-vm kernel: [    0.282290] pci 0000:00:15.5: PCI bridge to [bus 08]
Sep 11 11:52:24 cu-cs-vm kernel: [    0.282380] pci 0000:00:15.5:   bridge window [mem 0xfc000000-0xfc0fffff]
Sep 11 11:52:24 cu-cs-vm kernel: [    0.282427] pci 0000:00:15.5:   bridge window [mem 0xe6600000-0xe66fffff 64bit pref]
Sep 11 11:52:24 cu-cs-vm kernel: [    0.282792] pci 0000:00:15.6: PCI bridge to [bus 09]
Sep 11 11:52:24 cu-cs-vm kernel: [    0.282882] pci 0000:00:15.6:   bridge window [mem 0xfbc00000-0xfbcfffff]
Sep 11 11:52:24 cu-cs-vm kernel: [    0.282929] pci 0000:00:15.6:   bridge window [mem 0xe6200000-0xe62fffff 64bit pref]
Sep 11 11:52:24 cu-cs-vm kernel: [    0.283304] pci 0000:00:15.7: PCI bridge to [bus 0a]
Sep 11 11:52:24 cu-cs-vm kernel: [    0.283395] pci 0000:00:15.7:   bridge window [mem 0xfb800000-0xfb8fffff]
Sep 11 11:52:24 cu-cs-vm kernel: [    0.283443] pci 0000:00:15.7:   bridge window [mem 0xe5e00000-0xe5efffff 64bit pref]
Sep 11 11:52:24 cu-cs-vm kernel: [    0.283818] pci 0000:00:16.0: PCI bridge to [bus 0b]
Sep 11 11:52:24 cu-cs-vm kernel: [    0.283886] pci 0000:00:16.0:   bridge window [io  0x5000-0x5fff]
Sep 11 11:52:24 cu-cs-vm kernel: [    0.283911] pci 0000:00:16.0:   bridge window [mem 0xfd300000-0xfd3fffff]
Sep 11 11:52:24 cu-cs-vm kernel: [    0.283960] pci 0000:00:16.0:   bridge window [mem 0xe7900000-0xe79fffff 64bit pref]
Sep 11 11:52:24 cu-cs-vm kernel: [    0.284328] pci 0000:00:16.1: PCI bridge to [bus 0c]
Sep 11 11:52:24 cu-cs-vm kernel: [    0.284396] pci 0000:00:16.1:   bridge window [io  0x9000-0x9fff]
Sep 11 11:52:24 cu-cs-vm kernel: [    0.284421] pci 0000:00:16.1:   bridge window [mem 0xfcf00000-0xfcffffff]
Sep 11 11:52:24 cu-cs-vm kernel: [    0.284469] pci 0000:00:16.1:   bridge window [mem 0xe7500000-0xe75fffff 64bit pref]
Sep 11 11:52:24 cu-cs-vm kernel: [    0.284868] pci 0000:00:16.2: PCI bridge to [bus 0d]
Sep 11 11:52:24 cu-cs-vm kernel: [    0.284936] pci 0000:00:16.2:   bridge window [io  0xd000-0xdfff]
Sep 11 11:52:24 cu-cs-vm kernel: [    0.284961] pci 0000:00:16.2:   bridge window [mem 0xfcb00000-0xfcbfffff]
Sep 11 11:52:24 cu-cs-vm kernel: [    0.285009] pci 0000:00:16.2:   bridge window [mem 0xe7100000-0xe71fffff 64bit pref]
Sep 11 11:52:24 cu-cs-vm kernel: [    0.285378] pci 0000:00:16.3: PCI bridge to [bus 0e]
Sep 11 11:52:24 cu-cs-vm kernel: [    0.285469] pci 0000:00:16.3:   bridge window [mem 0xfc700000-0xfc7fffff]
Sep 11 11:52:24 cu-cs-vm kernel: [    0.285518] pci 0000:00:16.3:   bridge window [mem 0xe6d00000-0xe6dfffff 64bit pref]
Sep 11 11:52:24 cu-cs-vm kernel: [    0.285906] pci 0000:00:16.4: PCI bridge to [bus 0f]
Sep 11 11:52:24 cu-cs-vm kernel: [    0.285997] pci 0000:00:16.4:   bridge window [mem 0xfc300000-0xfc3fffff]
Sep 11 11:52:24 cu-cs-vm kernel: [    0.286045] pci 0000:00:16.4:   bridge window [mem 0xe6900000-0xe69fffff 64bit pref]
Sep 11 11:52:24 cu-cs-vm kernel: [    0.286415] pci 0000:00:16.5: PCI bridge to [bus 10]
Sep 11 11:52:24 cu-cs-vm kernel: [    0.286506] pci 0000:00:16.5:   bridge window [mem 0xfbf00000-0xfbffffff]
Sep 11 11:52:24 cu-cs-vm kernel: [    0.286554] pci 0000:00:16.5:   bridge window [mem 0xe6500000-0xe65fffff 64bit pref]
Sep 11 11:52:24 cu-cs-vm kernel: [    0.286924] pci 0000:00:16.6: PCI bridge to [bus 11]
Sep 11 11:52:24 cu-cs-vm kernel: [    0.287015] pci 0000:00:16.6:   bridge window [mem 0xfbb00000-0xfbbfffff]
Sep 11 11:52:24 cu-cs-vm kernel: [    0.287064] pci 0000:00:16.6:   bridge window [mem 0xe6100000-0xe61fffff 64bit pref]
Sep 11 11:52:24 cu-cs-vm kernel: [    0.287467] pci 0000:00:16.7: PCI bridge to [bus 12]
Sep 11 11:52:24 cu-cs-vm kernel: [    0.287561] pci 0000:00:16.7:   bridge window [mem 0xfb700000-0xfb7fffff]
Sep 11 11:52:24 cu-cs-vm kernel: [    0.287611] pci 0000:00:16.7:   bridge window [mem 0xe5d00000-0xe5dfffff 64bit pref]
Sep 11 11:52:24 cu-cs-vm kernel: [    0.288055] pci 0000:00:17.0: PCI bridge to [bus 13]
Sep 11 11:52:24 cu-cs-vm kernel: [    0.288126] pci 0000:00:17.0:   bridge window [io  0x6000-0x6fff]
Sep 11 11:52:24 cu-cs-vm kernel: [    0.288152] pci 0000:00:17.0:   bridge window [mem 0xfd200000-0xfd2fffff]
Sep 11 11:52:24 cu-cs-vm kernel: [    0.288202] pci 0000:00:17.0:   bridge window [mem 0xe7800000-0xe78fffff 64bit pref]
Sep 11 11:52:24 cu-cs-vm kernel: [    0.288593] pci 0000:00:17.1: PCI bridge to [bus 14]
Sep 11 11:52:24 cu-cs-vm kernel: [    0.288663] pci 0000:00:17.1:   bridge window [io  0xa000-0xafff]
Sep 11 11:52:24 cu-cs-vm kernel: [    0.288689] pci 0000:00:17.1:   bridge window [mem 0xfce00000-0xfcefffff]
Sep 11 11:52:24 cu-cs-vm kernel: [    0.288739] pci 0000:00:17.1:   bridge window [mem 0xe7400000-0xe74fffff 64bit pref]
Sep 11 11:52:24 cu-cs-vm kernel: [    0.289315] pci 0000:00:17.2: PCI bridge to [bus 15]
Sep 11 11:52:24 cu-cs-vm kernel: [    0.289606] pci 0000:00:17.2:   bridge window [io  0xe000-0xefff]
Sep 11 11:52:24 cu-cs-vm kernel: [    0.289633] pci 0000:00:17.2:   bridge window [mem 0xfca00000-0xfcafffff]
Sep 11 11:52:24 cu-cs-vm kernel: [    0.289683] pci 0000:00:17.2:   bridge window [mem 0xe7000000-0xe70fffff 64bit pref]
Sep 11 11:52:24 cu-cs-vm kernel: [    0.290067] pci 0000:00:17.3: PCI bridge to [bus 16]
Sep 11 11:52:24 cu-cs-vm kernel: [    0.290161] pci 0000:00:17.3:   bridge window [mem 0xfc600000-0xfc6fffff]
Sep 11 11:52:24 cu-cs-vm kernel: [    0.290211] pci 0000:00:17.3:   bridge window [mem 0xe6c00000-0xe6cfffff 64bit pref]
Sep 11 11:52:24 cu-cs-vm kernel: [    0.290598] pci 0000:00:17.4: PCI bridge to [bus 17]
Sep 11 11:52:24 cu-cs-vm kernel: [    0.290692] pci 0000:00:17.4:   bridge window [mem 0xfc200000-0xfc2fffff]
Sep 11 11:52:24 cu-cs-vm kernel: [    0.290742] pci 0000:00:17.4:   bridge window [mem 0xe6800000-0xe68fffff 64bit pref]
Sep 11 11:52:24 cu-cs-vm kernel: [    0.291124] pci 0000:00:17.5: PCI bridge to [bus 18]
Sep 11 11:52:24 cu-cs-vm kernel: [    0.291218] pci 0000:00:17.5:   bridge window [mem 0xfbe00000-0xfbefffff]
Sep 11 11:52:24 cu-cs-vm kernel: [    0.291268] pci 0000:00:17.5:   bridge window [mem 0xe6400000-0xe64fffff 64bit pref]
Sep 11 11:52:24 cu-cs-vm kernel: [    0.291672] pci 0000:00:17.6: PCI bridge to [bus 19]
Sep 11 11:52:24 cu-cs-vm kernel: [    0.291767] pci 0000:00:17.6:   bridge window [mem 0xfba00000-0xfbafffff]
Sep 11 11:52:24 cu-cs-vm kernel: [    0.291817] pci 0000:00:17.6:   bridge window [mem 0xe6000000-0xe60fffff 64bit pref]
Sep 11 11:52:24 cu-cs-vm kernel: [    0.292210] pci 0000:00:17.7: PCI bridge to [bus 1a]
Sep 11 11:52:24 cu-cs-vm kernel: [    0.292314] pci 0000:00:17.7:   bridge window [mem 0xfb600000-0xfb6fffff]
Sep 11 11:52:24 cu-cs-vm kernel: [    0.292382] pci 0000:00:17.7:   bridge window [mem 0xe5c00000-0xe5cfffff 64bit pref]
Sep 11 11:52:24 cu-cs-vm kernel: [    0.292805] pci 0000:00:18.0: PCI bridge to [bus 1b]
Sep 11 11:52:24 cu-cs-vm kernel: [    0.292875] pci 0000:00:18.0:   bridge window [io  0x7000-0x7fff]
Sep 11 11:52:24 cu-cs-vm kernel: [    0.292900] pci 0000:00:18.0:   bridge window [mem 0xfd100000-0xfd1fffff]
Sep 11 11:52:24 cu-cs-vm kernel: [    0.292949] pci 0000:00:18.0:   bridge window [mem 0xe7700000-0xe77fffff 64bit pref]
Sep 11 11:52:24 cu-cs-vm kernel: [    0.293359] pci 0000:00:18.1: PCI bridge to [bus 1c]
Sep 11 11:52:24 cu-cs-vm kernel: [    0.293427] pci 0000:00:18.1:   bridge window [io  0xb000-0xbfff]
Sep 11 11:52:24 cu-cs-vm kernel: [    0.293452] pci 0000:00:18.1:   bridge window [mem 0xfcd00000-0xfcdfffff]
Sep 11 11:52:24 cu-cs-vm kernel: [    0.293500] pci 0000:00:18.1:   bridge window [mem 0xe7300000-0xe73fffff 64bit pref]
Sep 11 11:52:24 cu-cs-vm kernel: [    0.293891] pci 0000:00:18.2: PCI bridge to [bus 1d]
Sep 11 11:52:24 cu-cs-vm kernel: [    0.293985] pci 0000:00:18.2:   bridge window [mem 0xfc900000-0xfc9fffff]
Sep 11 11:52:24 cu-cs-vm kernel: [    0.294034] pci 0000:00:18.2:   bridge window [mem 0xe6f00000-0xe6ffffff 64bit pref]
Sep 11 11:52:24 cu-cs-vm kernel: [    0.294415] pci 0000:00:18.3: PCI bridge to [bus 1e]
Sep 11 11:52:24 cu-cs-vm kernel: [    0.294509] pci 0000:00:18.3:   bridge window [mem 0xfc500000-0xfc5fffff]
Sep 11 11:52:24 cu-cs-vm kernel: [    0.294559] pci 0000:00:18.3:   bridge window [mem 0xe6b00000-0xe6bfffff 64bit pref]
Sep 11 11:52:24 cu-cs-vm kernel: [    0.294950] pci 0000:00:18.4: PCI bridge to [bus 1f]
Sep 11 11:52:24 cu-cs-vm kernel: [    0.295044] pci 0000:00:18.4:   bridge window [mem 0xfc100000-0xfc1fffff]
Sep 11 11:52:24 cu-cs-vm kernel: [    0.295094] pci 0000:00:18.4:   bridge window [mem 0xe6700000-0xe67fffff 64bit pref]
Sep 11 11:52:24 cu-cs-vm kernel: [    0.295478] pci 0000:00:18.5: PCI bridge to [bus 20]
Sep 11 11:52:24 cu-cs-vm kernel: [    0.295573] pci 0000:00:18.5:   bridge window [mem 0xfbd00000-0xfbdfffff]
Sep 11 11:52:24 cu-cs-vm kernel: [    0.295623] pci 0000:00:18.5:   bridge window [mem 0xe6300000-0xe63fffff 64bit pref]
Sep 11 11:52:24 cu-cs-vm kernel: [    0.296005] pci 0000:00:18.6: PCI bridge to [bus 21]
Sep 11 11:52:24 cu-cs-vm kernel: [    0.296101] pci 0000:00:18.6:   bridge window [mem 0xfb900000-0xfb9fffff]
Sep 11 11:52:24 cu-cs-vm kernel: [    0.296150] pci 0000:00:18.6:   bridge window [mem 0xe5f00000-0xe5ffffff 64bit pref]
Sep 11 11:52:24 cu-cs-vm kernel: [    0.296542] pci 0000:00:18.7: PCI bridge to [bus 22]
Sep 11 11:52:24 cu-cs-vm kernel: [    0.296636] pci 0000:00:18.7:   bridge window [mem 0xfb500000-0xfb5fffff]
Sep 11 11:52:24 cu-cs-vm kernel: [    0.296686] pci 0000:00:18.7:   bridge window [mem 0xe5b00000-0xe5bfffff 64bit pref]
Sep 11 11:52:24 cu-cs-vm kernel: [    0.299582] ACPI: PCI Interrupt Link [LNKA] (IRQs 3 4 5 6 7 *9 10 11 14 15)
Sep 11 11:52:24 cu-cs-vm kernel: [    0.299769] ACPI: PCI Interrupt Link [LNKB] (IRQs 3 4 5 6 7 9 10 *11 14 15)
Sep 11 11:52:24 cu-cs-vm kernel: [    0.299945] ACPI: PCI Interrupt Link [LNKC] (IRQs 3 4 5 6 7 9 *10 11 14 15)
Sep 11 11:52:24 cu-cs-vm kernel: [    0.300121] ACPI: PCI Interrupt Link [LNKD] (IRQs 3 4 5 6 *7 9 10 11 14 15)
Sep 11 11:52:24 cu-cs-vm kernel: [    0.324444] SCSI subsystem initialized
Sep 11 11:52:24 cu-cs-vm kernel: [    0.324576] libata version 3.00 loaded.
Sep 11 11:52:24 cu-cs-vm kernel: [    0.324576] pci 0000:00:0f.0: vgaarb: setting as boot VGA device
Sep 11 11:52:24 cu-cs-vm kernel: [    0.324576] pci 0000:00:0f.0: vgaarb: VGA device added: decodes=io+mem,owns=io+mem,locks=none
Sep 11 11:52:24 cu-cs-vm kernel: [    0.324576] pci 0000:00:0f.0: vgaarb: bridge control possible
Sep 11 11:52:24 cu-cs-vm kernel: [    0.324576] vgaarb: loaded
Sep 11 11:52:24 cu-cs-vm kernel: [    0.324576] ACPI: bus type USB registered
Sep 11 11:52:24 cu-cs-vm kernel: [    0.324576] usbcore: registered new interface driver usbfs
Sep 11 11:52:24 cu-cs-vm kernel: [    0.324576] usbcore: registered new interface driver hub
Sep 11 11:52:24 cu-cs-vm kernel: [    0.324576] usbcore: registered new device driver usb
Sep 11 11:52:24 cu-cs-vm kernel: [    0.324640] EDAC MC: Ver: 3.0.0
Sep 11 11:52:24 cu-cs-vm kernel: [    0.325754] PCI: Using ACPI for IRQ routing
Sep 11 11:52:24 cu-cs-vm kernel: [    0.362389] PCI: pci_cache_line_size set to 64 bytes
Sep 11 11:52:24 cu-cs-vm kernel: [    0.363503] e820: reserve RAM buffer [mem 0x0009e800-0x0009ffff]
Sep 11 11:52:24 cu-cs-vm kernel: [    0.363505] e820: reserve RAM buffer [mem 0x7fee0000-0x7fffffff]
Sep 11 11:52:24 cu-cs-vm kernel: [    0.363654] NetLabel: Initializing
Sep 11 11:52:24 cu-cs-vm kernel: [    0.363696] NetLabel:  domain hash size = 128
Sep 11 11:52:24 cu-cs-vm kernel: [    0.363733] NetLabel:  protocols = UNLABELED CIPSOv4 CALIPSO
Sep 11 11:52:24 cu-cs-vm kernel: [    0.363794] NetLabel:  unlabeled traffic allowed by default
Sep 11 11:52:24 cu-cs-vm kernel: [    0.364512] clocksource: Switched to clocksource refined-jiffies
Sep 11 11:52:24 cu-cs-vm kernel: [    0.375953] VFS: Disk quotas dquot_6.6.0
Sep 11 11:52:24 cu-cs-vm kernel: [    0.376043] VFS: Dquot-cache hash table entries: 512 (order 0, 4096 bytes)
Sep 11 11:52:24 cu-cs-vm kernel: [    0.376231] AppArmor: AppArmor Filesystem Enabled
Sep 11 11:52:24 cu-cs-vm kernel: [    0.376301] pnp: PnP ACPI init
Sep 11 11:52:24 cu-cs-vm kernel: [    0.376579] system 00:00: [io  0x1000-0x103f] has been reserved
Sep 11 11:52:24 cu-cs-vm kernel: [    0.376630] system 00:00: [io  0x1040-0x104f] has been reserved
Sep 11 11:52:24 cu-cs-vm kernel: [    0.376678] system 00:00: [io  0x0cf0-0x0cf1] has been reserved
Sep 11 11:52:24 cu-cs-vm kernel: [    0.376730] system 00:00: Plug and Play ACPI device, IDs PNP0c02 (active)
Sep 11 11:52:24 cu-cs-vm kernel: [    0.376763] pnp 00:01: Plug and Play ACPI device, IDs PNP0b00 (active)
Sep 11 11:52:24 cu-cs-vm kernel: [    0.376786] pnp 00:02: Plug and Play ACPI device, IDs PNP0303 (active)
Sep 11 11:52:24 cu-cs-vm kernel: [    0.376812] pnp 00:03: Plug and Play ACPI device, IDs PNP0f13 VMW0003 (active)
Sep 11 11:52:24 cu-cs-vm kernel: [    0.379718] system 00:04: [io  0xfce0-0xfcff] has been reserved
Sep 11 11:52:24 cu-cs-vm kernel: [    0.379773] system 00:04: [mem 0xf0000000-0xf7ffffff] has been reserved
Sep 11 11:52:24 cu-cs-vm kernel: [    0.379828] system 00:04: [mem 0xfe800000-0xfe9fffff] has been reserved
Sep 11 11:52:24 cu-cs-vm kernel: [    0.379885] system 00:04: Plug and Play ACPI device, IDs PNP0c02 (active)
Sep 11 11:52:24 cu-cs-vm kernel: [    0.391191] pnp: PnP ACPI: found 5 devices
Sep 11 11:52:24 cu-cs-vm kernel: [    0.403378] clocksource: acpi_pm: mask: 0xffffff max_cycles: 0xffffff, max_idle_ns: 2085701024 ns
Sep 11 11:52:24 cu-cs-vm kernel: [    0.403555] clocksource: Switched to clocksource acpi_pm
Sep 11 11:52:24 cu-cs-vm kernel: [    0.403555] pci 0000:00:15.3: bridge window [io  0x1000-0x0fff] to [bus 06] add_size 1000
Sep 11 11:52:24 cu-cs-vm kernel: [    0.403555] pci 0000:00:15.4: bridge window [io  0x1000-0x0fff] to [bus 07] add_size 1000
Sep 11 11:52:24 cu-cs-vm kernel: [    0.403555] pci 0000:00:15.5: bridge window [io  0x1000-0x0fff] to [bus 08] add_size 1000
Sep 11 11:52:24 cu-cs-vm kernel: [    0.403555] pci 0000:00:15.6: bridge window [io  0x1000-0x0fff] to [bus 09] add_size 1000
Sep 11 11:52:24 cu-cs-vm kernel: [    0.403555] pci 0000:00:15.7: bridge window [io  0x1000-0x0fff] to [bus 0a] add_size 1000
Sep 11 11:52:24 cu-cs-vm kernel: [    0.403555] pci 0000:00:16.3: bridge window [io  0x1000-0x0fff] to [bus 0e] add_size 1000
Sep 11 11:52:24 cu-cs-vm kernel: [    0.403555] pci 0000:00:16.4: bridge window [io  0x1000-0x0fff] to [bus 0f] add_size 1000
Sep 11 11:52:24 cu-cs-vm kernel: [    0.403555] pci 0000:00:16.5: bridge window [io  0x1000-0x0fff] to [bus 10] add_size 1000
Sep 11 11:52:24 cu-cs-vm kernel: [    0.403555] pci 0000:00:16.6: bridge window [io  0x1000-0x0fff] to [bus 11] add_size 1000
Sep 11 11:52:24 cu-cs-vm kernel: [    0.403555] pci 0000:00:16.7: bridge window [io  0x1000-0x0fff] to [bus 12] add_size 1000
Sep 11 11:52:24 cu-cs-vm kernel: [    0.403555] pci 0000:00:17.3: bridge window [io  0x1000-0x0fff] to [bus 16] add_size 1000
Sep 11 11:52:24 cu-cs-vm kernel: [    0.403555] pci 0000:00:17.4: bridge window [io  0x1000-0x0fff] to [bus 17] add_size 1000
Sep 11 11:52:24 cu-cs-vm kernel: [    0.403555] pci 0000:00:17.5: bridge window [io  0x1000-0x0fff] to [bus 18] add_size 1000
Sep 11 11:52:24 cu-cs-vm kernel: [    0.403555] pci 0000:00:17.6: bridge window [io  0x1000-0x0fff] to [bus 19] add_size 1000
Sep 11 11:52:24 cu-cs-vm kernel: [    0.403555] pci 0000:00:17.7: bridge window [io  0x1000-0x0fff] to [bus 1a] add_size 1000
Sep 11 11:52:24 cu-cs-vm kernel: [    0.403555] pci 0000:00:18.2: bridge window [io  0x1000-0x0fff] to [bus 1d] add_size 1000
Sep 11 11:52:24 cu-cs-vm kernel: [    0.403555] pci 0000:00:18.3: bridge window [io  0x1000-0x0fff] to [bus 1e] add_size 1000
Sep 11 11:52:24 cu-cs-vm kernel: [    0.403555] pci 0000:00:18.4: bridge window [io  0x1000-0x0fff] to [bus 1f] add_size 1000
Sep 11 11:52:24 cu-cs-vm kernel: [    0.403555] pci 0000:00:18.5: bridge window [io  0x1000-0x0fff] to [bus 20] add_size 1000
Sep 11 11:52:24 cu-cs-vm kernel: [    0.403555] pci 0000:00:18.6: bridge window [io  0x1000-0x0fff] to [bus 21] add_size 1000
Sep 11 11:52:24 cu-cs-vm kernel: [    0.403555] pci 0000:00:18.7: bridge window [io  0x1000-0x0fff] to [bus 22] add_size 1000
Sep 11 11:52:24 cu-cs-vm kernel: [    0.403555] pci 0000:00:0f.0: BAR 6: assigned [mem 0xc0000000-0xc0007fff pref]
Sep 11 11:52:24 cu-cs-vm kernel: [    0.403555] pci 0000:00:10.0: BAR 6: assigned [mem 0xc0008000-0xc000bfff pref]
Sep 11 11:52:24 cu-cs-vm kernel: [    0.403555] pci 0000:00:15.3: BAR 13: no space for [io  size 0x1000]
Sep 11 11:52:24 cu-cs-vm kernel: [    0.403555] pci 0000:00:15.3: BAR 13: failed to assign [io  size 0x1000]
Sep 11 11:52:24 cu-cs-vm kernel: [    0.403555] pci 0000:00:15.4: BAR 13: no space for [io  size 0x1000]
Sep 11 11:52:24 cu-cs-vm kernel: [    0.403555] pci 0000:00:15.4: BAR 13: failed to assign [io  size 0x1000]
Sep 11 11:52:24 cu-cs-vm kernel: [    0.403555] pci 0000:00:15.5: BAR 13: no space for [io  size 0x1000]
Sep 11 11:52:24 cu-cs-vm kernel: [    0.403555] pci 0000:00:15.5: BAR 13: failed to assign [io  size 0x1000]
Sep 11 11:52:24 cu-cs-vm kernel: [    0.403555] pci 0000:00:15.6: BAR 13: no space for [io  size 0x1000]
Sep 11 11:52:24 cu-cs-vm kernel: [    0.403555] pci 0000:00:15.6: BAR 13: failed to assign [io  size 0x1000]
Sep 11 11:52:24 cu-cs-vm kernel: [    0.403555] pci 0000:00:15.7: BAR 13: no space for [io  size 0x1000]
Sep 11 11:52:24 cu-cs-vm kernel: [    0.403555] pci 0000:00:15.7: BAR 13: failed to assign [io  size 0x1000]
Sep 11 11:52:24 cu-cs-vm kernel: [    0.403555] pci 0000:00:16.3: BAR 13: no space for [io  size 0x1000]
Sep 11 11:52:24 cu-cs-vm kernel: [    0.403555] pci 0000:00:16.3: BAR 13: failed to assign [io  size 0x1000]
Sep 11 11:52:24 cu-cs-vm kernel: [    0.403555] pci 0000:00:16.4: BAR 13: no space for [io  size 0x1000]
Sep 11 11:52:24 cu-cs-vm kernel: [    0.403555] pci 0000:00:16.4: BAR 13: failed to assign [io  size 0x1000]
Sep 11 11:52:24 cu-cs-vm kernel: [    0.403606] pci 0000:00:16.5: BAR 13: no space for [io  size 0x1000]
Sep 11 11:52:24 cu-cs-vm kernel: [    0.403659] pci 0000:00:16.5: BAR 13: failed to assign [io  size 0x1000]
Sep 11 11:52:24 cu-cs-vm kernel: [    0.403714] pci 0000:00:16.6: BAR 13: no space for [io  size 0x1000]
Sep 11 11:52:24 cu-cs-vm kernel: [    0.403766] pci 0000:00:16.6: BAR 13: failed to assign [io  size 0x1000]
Sep 11 11:52:24 cu-cs-vm kernel: [    0.403821] pci 0000:00:16.7: BAR 13: no space for [io  size 0x1000]
Sep 11 11:52:24 cu-cs-vm kernel: [    0.403874] pci 0000:00:16.7: BAR 13: failed to assign [io  size 0x1000]
Sep 11 11:52:24 cu-cs-vm kernel: [    0.403929] pci 0000:00:17.3: BAR 13: no space for [io  size 0x1000]
Sep 11 11:52:24 cu-cs-vm kernel: [    0.403981] pci 0000:00:17.3: BAR 13: failed to assign [io  size 0x1000]
Sep 11 11:52:24 cu-cs-vm kernel: [    0.404048] pci 0000:00:17.4: BAR 13: no space for [io  size 0x1000]
Sep 11 11:52:24 cu-cs-vm kernel: [    0.404101] pci 0000:00:17.4: BAR 13: failed to assign [io  size 0x1000]
Sep 11 11:52:24 cu-cs-vm kernel: [    0.404157] pci 0000:00:17.5: BAR 13: no space for [io  size 0x1000]
Sep 11 11:52:24 cu-cs-vm kernel: [    0.404209] pci 0000:00:17.5: BAR 13: failed to assign [io  size 0x1000]
Sep 11 11:52:24 cu-cs-vm kernel: [    0.404265] pci 0000:00:17.6: BAR 13: no space for [io  size 0x1000]
Sep 11 11:52:24 cu-cs-vm kernel: [    0.404317] pci 0000:00:17.6: BAR 13: failed to assign [io  size 0x1000]
Sep 11 11:52:24 cu-cs-vm kernel: [    0.404373] pci 0000:00:17.7: BAR 13: no space for [io  size 0x1000]
Sep 11 11:52:24 cu-cs-vm kernel: [    0.404425] pci 0000:00:17.7: BAR 13: failed to assign [io  size 0x1000]
Sep 11 11:52:24 cu-cs-vm kernel: [    0.404480] pci 0000:00:18.2: BAR 13: no space for [io  size 0x1000]
Sep 11 11:52:24 cu-cs-vm kernel: [    0.404533] pci 0000:00:18.2: BAR 13: failed to assign [io  size 0x1000]
Sep 11 11:52:24 cu-cs-vm kernel: [    0.404588] pci 0000:00:18.3: BAR 13: no space for [io  size 0x1000]
Sep 11 11:52:24 cu-cs-vm kernel: [    0.404640] pci 0000:00:18.3: BAR 13: failed to assign [io  size 0x1000]
Sep 11 11:52:24 cu-cs-vm kernel: [    0.404696] pci 0000:00:18.4: BAR 13: no space for [io  size 0x1000]
Sep 11 11:52:24 cu-cs-vm kernel: [    0.404748] pci 0000:00:18.4: BAR 13: failed to assign [io  size 0x1000]
Sep 11 11:52:24 cu-cs-vm kernel: [    0.404803] pci 0000:00:18.5: BAR 13: no space for [io  size 0x1000]
Sep 11 11:52:24 cu-cs-vm kernel: [    0.404855] pci 0000:00:18.5: BAR 13: failed to assign [io  size 0x1000]
Sep 11 11:52:24 cu-cs-vm kernel: [    0.404911] pci 0000:00:18.6: BAR 13: no space for [io  size 0x1000]
Sep 11 11:52:24 cu-cs-vm kernel: [    0.404963] pci 0000:00:18.6: BAR 13: failed to assign [io  size 0x1000]
Sep 11 11:52:24 cu-cs-vm kernel: [    0.405018] pci 0000:00:18.7: BAR 13: no space for [io  size 0x1000]
Sep 11 11:52:24 cu-cs-vm kernel: [    0.405070] pci 0000:00:18.7: BAR 13: failed to assign [io  size 0x1000]
Sep 11 11:52:24 cu-cs-vm kernel: [    0.405128] pci 0000:00:18.7: BAR 13: no space for [io  size 0x1000]
Sep 11 11:52:24 cu-cs-vm kernel: [    0.405182] pci 0000:00:18.7: BAR 13: failed to assign [io  size 0x1000]
Sep 11 11:52:24 cu-cs-vm kernel: [    0.405251] pci 0000:00:18.6: BAR 13: no space for [io  size 0x1000]
Sep 11 11:52:24 cu-cs-vm kernel: [    0.405305] pci 0000:00:18.6: BAR 13: failed to assign [io  size 0x1000]
Sep 11 11:52:24 cu-cs-vm kernel: [    0.405362] pci 0000:00:18.5: BAR 13: no space for [io  size 0x1000]
Sep 11 11:52:24 cu-cs-vm kernel: [    0.405415] pci 0000:00:18.5: BAR 13: failed to assign [io  size 0x1000]
Sep 11 11:52:24 cu-cs-vm kernel: [    0.405472] pci 0000:00:18.4: BAR 13: no space for [io  size 0x1000]
Sep 11 11:52:24 cu-cs-vm kernel: [    0.405525] pci 0000:00:18.4: BAR 13: failed to assign [io  size 0x1000]
Sep 11 11:52:24 cu-cs-vm kernel: [    0.405581] pci 0000:00:18.3: BAR 13: no space for [io  size 0x1000]
Sep 11 11:52:24 cu-cs-vm kernel: [    0.405635] pci 0000:00:18.3: BAR 13: failed to assign [io  size 0x1000]
Sep 11 11:52:24 cu-cs-vm kernel: [    0.405692] pci 0000:00:18.2: BAR 13: no space for [io  size 0x1000]
Sep 11 11:52:24 cu-cs-vm kernel: [    0.405745] pci 0000:00:18.2: BAR 13: failed to assign [io  size 0x1000]
Sep 11 11:52:24 cu-cs-vm kernel: [    0.405801] pci 0000:00:17.7: BAR 13: no space for [io  size 0x1000]
Sep 11 11:52:24 cu-cs-vm kernel: [    0.405855] pci 0000:00:17.7: BAR 13: failed to assign [io  size 0x1000]
Sep 11 11:52:24 cu-cs-vm kernel: [    0.405911] pci 0000:00:17.6: BAR 13: no space for [io  size 0x1000]
Sep 11 11:52:24 cu-cs-vm kernel: [    0.405964] pci 0000:00:17.6: BAR 13: failed to assign [io  size 0x1000]
Sep 11 11:52:24 cu-cs-vm kernel: [    0.406021] pci 0000:00:17.5: BAR 13: no space for [io  size 0x1000]
Sep 11 11:52:24 cu-cs-vm kernel: [    0.406074] pci 0000:00:17.5: BAR 13: failed to assign [io  size 0x1000]
Sep 11 11:52:24 cu-cs-vm kernel: [    0.406130] pci 0000:00:17.4: BAR 13: no space for [io  size 0x1000]
Sep 11 11:52:24 cu-cs-vm kernel: [    0.406183] pci 0000:00:17.4: BAR 13: failed to assign [io  size 0x1000]
Sep 11 11:52:24 cu-cs-vm kernel: [    0.406240] pci 0000:00:17.3: BAR 13: no space for [io  size 0x1000]
Sep 11 11:52:24 cu-cs-vm kernel: [    0.406293] pci 0000:00:17.3: BAR 13: failed to assign [io  size 0x1000]
Sep 11 11:52:24 cu-cs-vm kernel: [    0.406349] pci 0000:00:16.7: BAR 13: no space for [io  size 0x1000]
Sep 11 11:52:24 cu-cs-vm kernel: [    0.406403] pci 0000:00:16.7: BAR 13: failed to assign [io  size 0x1000]
Sep 11 11:52:24 cu-cs-vm kernel: [    0.406459] pci 0000:00:16.6: BAR 13: no space for [io  size 0x1000]
Sep 11 11:52:24 cu-cs-vm kernel: [    0.406512] pci 0000:00:16.6: BAR 13: failed to assign [io  size 0x1000]
Sep 11 11:52:24 cu-cs-vm kernel: [    0.406569] pci 0000:00:16.5: BAR 13: no space for [io  size 0x1000]
Sep 11 11:52:24 cu-cs-vm kernel: [    0.406622] pci 0000:00:16.5: BAR 13: failed to assign [io  size 0x1000]
Sep 11 11:52:24 cu-cs-vm kernel: [    0.406678] pci 0000:00:16.4: BAR 13: no space for [io  size 0x1000]
Sep 11 11:52:24 cu-cs-vm kernel: [    0.406732] pci 0000:00:16.4: BAR 13: failed to assign [io  size 0x1000]
Sep 11 11:52:24 cu-cs-vm kernel: [    0.406788] pci 0000:00:16.3: BAR 13: no space for [io  size 0x1000]
Sep 11 11:52:24 cu-cs-vm kernel: [    0.406841] pci 0000:00:16.3: BAR 13: failed to assign [io  size 0x1000]
Sep 11 11:52:24 cu-cs-vm kernel: [    0.406898] pci 0000:00:15.7: BAR 13: no space for [io  size 0x1000]
Sep 11 11:52:24 cu-cs-vm kernel: [    0.406951] pci 0000:00:15.7: BAR 13: failed to assign [io  size 0x1000]
Sep 11 11:52:24 cu-cs-vm kernel: [    0.407007] pci 0000:00:15.6: BAR 13: no space for [io  size 0x1000]
Sep 11 11:52:24 cu-cs-vm kernel: [    0.407061] pci 0000:00:15.6: BAR 13: failed to assign [io  size 0x1000]
Sep 11 11:52:24 cu-cs-vm kernel: [    0.407117] pci 0000:00:15.5: BAR 13: no space for [io  size 0x1000]
Sep 11 11:52:24 cu-cs-vm kernel: [    0.407171] pci 0000:00:15.5: BAR 13: failed to assign [io  size 0x1000]
Sep 11 11:52:24 cu-cs-vm kernel: [    0.407228] pci 0000:00:15.4: BAR 13: no space for [io  size 0x1000]
Sep 11 11:52:24 cu-cs-vm kernel: [    0.407282] pci 0000:00:15.4: BAR 13: failed to assign [io  size 0x1000]
Sep 11 11:52:24 cu-cs-vm kernel: [    0.407339] pci 0000:00:15.3: BAR 13: no space for [io  size 0x1000]
Sep 11 11:52:24 cu-cs-vm kernel: [    0.407393] pci 0000:00:15.3: BAR 13: failed to assign [io  size 0x1000]
Sep 11 11:52:24 cu-cs-vm kernel: [    0.407450] pci 0000:00:01.0: PCI bridge to [bus 01]
Sep 11 11:52:24 cu-cs-vm kernel: [    0.407615] pci 0000:02:02.0: BAR 6: assigned [mem 0xfd500000-0xfd50ffff pref]
Sep 11 11:52:24 cu-cs-vm kernel: [    0.407679] pci 0000:02:05.0: BAR 6: assigned [mem 0xfd510000-0xfd51ffff pref]
Sep 11 11:52:24 cu-cs-vm kernel: [    0.407749] pci 0000:00:11.0: PCI bridge to [bus 02]
Sep 11 11:52:24 cu-cs-vm kernel: [    0.407804] pci 0000:00:11.0:   bridge window [io  0x2000-0x3fff]
Sep 11 11:52:24 cu-cs-vm kernel: [    0.407890] pci 0000:00:11.0:   bridge window [mem 0xfd500000-0xfdffffff]
Sep 11 11:52:24 cu-cs-vm kernel: [    0.407967] pci 0000:00:11.0:   bridge window [mem 0xe7b00000-0xe7ffffff 64bit pref]
Sep 11 11:52:24 cu-cs-vm kernel: [    0.408089] pci 0000:00:15.0: PCI bridge to [bus 03]
Sep 11 11:52:24 cu-cs-vm kernel: [    0.408145] pci 0000:00:15.0:   bridge window [io  0x4000-0x4fff]
Sep 11 11:52:24 cu-cs-vm kernel: [    0.408230] pci 0000:00:15.0:   bridge window [mem 0xfd400000-0xfd4fffff]
Sep 11 11:52:24 cu-cs-vm kernel: [    0.408308] pci 0000:00:15.0:   bridge window [mem 0xe7a00000-0xe7afffff 64bit pref]
Sep 11 11:52:24 cu-cs-vm kernel: [    0.408455] pci 0000:00:15.1: PCI bridge to [bus 04]
Sep 11 11:52:24 cu-cs-vm kernel: [    0.408513] pci 0000:00:15.1:   bridge window [io  0x8000-0x8fff]
Sep 11 11:52:24 cu-cs-vm kernel: [    0.408598] pci 0000:00:15.1:   bridge window [mem 0xfd000000-0xfd0fffff]
Sep 11 11:52:24 cu-cs-vm kernel: [    0.408676] pci 0000:00:15.1:   bridge window [mem 0xe7600000-0xe76fffff 64bit pref]
Sep 11 11:52:24 cu-cs-vm kernel: [    0.408797] pci 0000:00:15.2: PCI bridge to [bus 05]
Sep 11 11:52:24 cu-cs-vm kernel: [    0.408854] pci 0000:00:15.2:   bridge window [io  0xc000-0xcfff]
Sep 11 11:52:24 cu-cs-vm kernel: [    0.408939] pci 0000:00:15.2:   bridge window [mem 0xfcc00000-0xfccfffff]
Sep 11 11:52:24 cu-cs-vm kernel: [    0.409016] pci 0000:00:15.2:   bridge window [mem 0xe7200000-0xe72fffff 64bit pref]
Sep 11 11:52:24 cu-cs-vm kernel: [    0.409206] pci 0000:00:15.3: PCI bridge to [bus 06]
Sep 11 11:52:24 cu-cs-vm kernel: [    0.409287] pci 0000:00:15.3:   bridge window [mem 0xfc800000-0xfc8fffff]
Sep 11 11:52:24 cu-cs-vm kernel: [    0.409364] pci 0000:00:15.3:   bridge window [mem 0xe6e00000-0xe6efffff 64bit pref]
Sep 11 11:52:24 cu-cs-vm kernel: [    0.409484] pci 0000:00:15.4: PCI bridge to [bus 07]
Sep 11 11:52:24 cu-cs-vm kernel: [    0.409564] pci 0000:00:15.4:   bridge window [mem 0xfc400000-0xfc4fffff]
Sep 11 11:52:24 cu-cs-vm kernel: [    0.409641] pci 0000:00:15.4:   bridge window [mem 0xe6a00000-0xe6afffff 64bit pref]
Sep 11 11:52:24 cu-cs-vm kernel: [    0.409760] pci 0000:00:15.5: PCI bridge to [bus 08]
Sep 11 11:52:24 cu-cs-vm kernel: [    0.409841] pci 0000:00:15.5:   bridge window [mem 0xfc000000-0xfc0fffff]
Sep 11 11:52:24 cu-cs-vm kernel: [    0.409918] pci 0000:00:15.5:   bridge window [mem 0xe6600000-0xe66fffff 64bit pref]
Sep 11 11:52:24 cu-cs-vm kernel: [    0.410036] pci 0000:00:15.6: PCI bridge to [bus 09]
Sep 11 11:52:24 cu-cs-vm kernel: [    0.410116] pci 0000:00:15.6:   bridge window [mem 0xfbc00000-0xfbcfffff]
Sep 11 11:52:24 cu-cs-vm kernel: [    0.410193] pci 0000:00:15.6:   bridge window [mem 0xe6200000-0xe62fffff 64bit pref]
Sep 11 11:52:24 cu-cs-vm kernel: [    0.410312] pci 0000:00:15.7: PCI bridge to [bus 0a]
Sep 11 11:52:24 cu-cs-vm kernel: [    0.410392] pci 0000:00:15.7:   bridge window [mem 0xfb800000-0xfb8fffff]
Sep 11 11:52:24 cu-cs-vm kernel: [    0.410469] pci 0000:00:15.7:   bridge window [mem 0xe5e00000-0xe5efffff 64bit pref]
Sep 11 11:52:24 cu-cs-vm kernel: [    0.410749] pci 0000:00:16.0: PCI bridge to [bus 0b]
Sep 11 11:52:24 cu-cs-vm kernel: [    0.410806] pci 0000:00:16.0:   bridge window [io  0x5000-0x5fff]
Sep 11 11:52:24 cu-cs-vm kernel: [    0.410890] pci 0000:00:16.0:   bridge window [mem 0xfd300000-0xfd3fffff]
Sep 11 11:52:24 cu-cs-vm kernel: [    0.410968] pci 0000:00:16.0:   bridge window [mem 0xe7900000-0xe79fffff 64bit pref]
Sep 11 11:52:24 cu-cs-vm kernel: [    0.411108] pci 0000:00:16.1: PCI bridge to [bus 0c]
Sep 11 11:52:24 cu-cs-vm kernel: [    0.411178] pci 0000:00:16.1:   bridge window [io  0x9000-0x9fff]
Sep 11 11:52:24 cu-cs-vm kernel: [    0.411266] pci 0000:00:16.1:   bridge window [mem 0xfcf00000-0xfcffffff]
Sep 11 11:52:24 cu-cs-vm kernel: [    0.411347] pci 0000:00:16.1:   bridge window [mem 0xe7500000-0xe75fffff 64bit pref]
Sep 11 11:52:24 cu-cs-vm kernel: [    0.411471] pci 0000:00:16.2: PCI bridge to [bus 0d]
Sep 11 11:52:24 cu-cs-vm kernel: [    0.411530] pci 0000:00:16.2:   bridge window [io  0xd000-0xdfff]
Sep 11 11:52:24 cu-cs-vm kernel: [    0.411619] pci 0000:00:16.2:   bridge window [mem 0xfcb00000-0xfcbfffff]
Sep 11 11:52:24 cu-cs-vm kernel: [    0.411699] pci 0000:00:16.2:   bridge window [mem 0xe7100000-0xe71fffff 64bit pref]
Sep 11 11:52:24 cu-cs-vm kernel: [    0.411836] pci 0000:00:16.3: PCI bridge to [bus 0e]
Sep 11 11:52:24 cu-cs-vm kernel: [    0.411939] pci 0000:00:16.3:   bridge window [mem 0xfc700000-0xfc7fffff]
Sep 11 11:52:24 cu-cs-vm kernel: [    0.412050] pci 0000:00:16.3:   bridge window [mem 0xe6d00000-0xe6dfffff 64bit pref]
Sep 11 11:52:24 cu-cs-vm kernel: [    0.412175] pci 0000:00:16.4: PCI bridge to [bus 0f]
Sep 11 11:52:24 cu-cs-vm kernel: [    0.412274] pci 0000:00:16.4:   bridge window [mem 0xfc300000-0xfc3fffff]
